2002
44 Aaron 
752 Abdullah 
354 Abel 
204 Abraham 
846 Abram 
55 Adam 
444 Adan 
550 Addison 
466 Aden 
865 Aditya 
566 Adolfo 
867 Adonis 
73 Adrian 
916 Adriel 
828 Adrien 
598 Agustin 
404 Ahmad 
508 Ahmed 
60 Aidan 
135 Aiden 
150 Alan 
298 Albert 
262 Alberto 
902 Alden 
408 Aldo 
206 Alec 
92 Alejandro 
711 Alessandro 
62 Alex 
15 Alexander 
715 Alexandro 
161 Alexis 
758 Alexzander 
494 Alfonso 
656 Alfred 
303 Alfredo 
320 Ali 
684 Alijah 
478 Allan 
246 Allen 
621 Alonso 
523 Alonzo 
994 Alton 
578 Alvaro 
463 Alvin 
472 Amari 
718 Amarion 
360 Amir 
663 Anderson 
209 Andre 
158 Andres 
6 Andrew 
208 Andy 
49 Angel 
278 Angelo 
12 Anthony 
626 Antoine 
650 Anton 
85 Antonio 
780 Antony 
935 Antwan 
712 Ari 
513 Ariel 
960 Arjun 
243 Armando 
773 Armani 
896 Arnold 
643 Aron 
327 Arthur 
288 Arturo 
871 Aryan 
670 Asa 
485 Asher 
200 Ashton 
941 Aubrey 
664 August 
840 Augustus 
822 Austen 
26 Austin 
754 Austyn 
245 Avery 
313 Axel 
322 Ayden 
755 Baby 
325 Bailey 
920 Barrett 
859 Barry 
506 Beau 
547 Ben 
27 Benjamin 
445 Bennett 
866 Benny 
756 Bernard 
847 Bernardo 
954 Bilal 
424 Billy 
434 Blaine 
801 Blaise 
76 Blake 
794 Blaze 
984 Bo 
400 Bobby 
748 Brad 
168 Braden 
149 Bradley 
147 Brady 
963 Bradyn 
361 Braeden 
819 Braedon 
749 Braiden 
370 Branden 
20 Brandon 
330 Braxton 
356 Brayan 
138 Brayden 
516 Braydon 
124 Brendan 
259 Brenden 
401 Brendon 
274 Brennan 
583 Brennen 
363 Brent 
833 Brenton 
868 Bret 
198 Brett 
51 Brian 
605 Brice 
264 Brock 
701 Brodie 
279 Brody 
737 Brooks 
467 Bruce 
781 Bruno 
64 Bryan 
304 Bryant 
97 Bryce 
734 Brycen 
229 Bryson 
486 Byron 
207 Cade 
153 Caden 
774 Cael 
679 Caiden 
743 Cale 
35 Caleb 
221 Calvin 
285 Camden 
39 Cameron 
730 Camren 
349 Camron 
350 Carl 
964 Carlo 
65 Carlos 
912 Carlton 
105 Carson 
107 Carter 
241 Casey 
936 Cason 
376 Cayden 
482 Cedric 
162 Cesar 
309 Chad 
888 Chaim 
233 Chance 
238 Chandler 
58 Charles 
417 Charlie 
82 Chase 
811 Chaz 
382 Chris 
24 Christian 
8 Christopher 
691 Clarence 
805 Clark 
418 Clay 
178 Clayton 
841 Clifford 
968 Clifton 
727 Clinton 
500 Coby 
71 Cody 
125 Colby 
69 Cole 
556 Coleman 
116 Colin 
148 Collin 
856 Colt 
561 Colten 
128 Colton 
196 Conner 
47 Connor 
388 Conor 
744 Conrad 
195 Cooper 
292 Corbin 
869 Cordell 
181 Corey 
862 Cornelius 
969 Cortez 
275 Cory 
379 Craig 
145 Cristian 
985 Cristobal 
633 Cristopher 
640 Cruz 
618 Cullen 
291 Curtis 
470 Cyrus 
108 Dakota 
495 Dale 
341 Dallas 
739 Dallin 
117 Dalton 
163 Damian 
212 Damien 
432 Damion 
290 Damon 
719 Dandre 
458 Dane 
740 Dangelo 
10 Daniel 
270 Danny 
257 Dante 
667 Daquan 
480 Darian 
610 Darien 
782 Darin 
845 Dario 
713 Darion 
237 Darius 
692 Darnell 
546 Darrell 
302 Darren 
937 Darrin 
942 Darrion 
786 Darrius 
603 Darryl 
903 Darwin 
898 Daryl 
606 Dashawn 
13 David 
634 Davin 
435 Davion 
391 Davis 
592 Davon 
193 Dawson 
499 Dayton 
372 Dean 
365 Deandre 
820 Deangelo 
439 Declan 
703 Demarcus 
422 Demetrius 
280 Dennis 
708 Denzel 
693 Deon 
790 Deonte 
139 Derek 
657 Derick 
235 Derrick 
851 Deshaun 
563 Deshawn 
425 Desmond 
808 Destin 
515 Devan 
973 Devante 
512 Deven 
74 Devin 
160 Devon 
630 Devonte 
665 Devyn 
816 Dexter 
98 Diego 
697 Dillan 
201 Dillon 
787 Dimitri 
829 Dion 
863 Domenic 
83 Dominic 
224 Dominick 
577 Dominik 
576 Dominique 
999 Don 
252 Donald 
677 Donavan 
191 Donovan 
965 Dontae 
600 Donte 
420 Dorian 
305 Douglas 
266 Drake 
720 Draven 
217 Drew 
913 Duane 
487 Duncan 
189 Dustin 
614 Dwayne 
971 Dwight 
23 Dylan 
907 Dylon 
995 Ean 
834 Earl 
540 Easton 
384 Eddie 
955 Eddy 
175 Edgar 
133 Eduardo 
120 Edward 
179 Edwin 
581 Efrain 
886 Efren 
197 Eli 
817 Elian 
218 Elias 
986 Eliezer 
41 Elijah 
943 Eliseo 
601 Elisha 
436 Elliot 
534 Elliott 
908 Ellis 
775 Elmer 
627 Elvis 
294 Emanuel 
770 Emerson 
459 Emiliano 
338 Emilio 
184 Emmanuel 
698 Emmett 
250 Enrique 
52 Eric 
182 Erick 
156 Erik 
590 Ernest 
323 Ernesto 
337 Esteban 
795 Estevan 
5 Ethan 
909 Ethen 
548 Eugene 
56 Evan 
589 Everett 
347 Ezekiel 
560 Ezequiel 
441 Ezra 
271 Fabian 
452 Felipe 
395 Felix 
159 Fernando 
899 Fidel 
802 Finn 
1000 Fletcher 
852 Forrest 
497 Francis 
141 Francisco 
216 Frank 
745 Frankie 
471 Franklin 
878 Fred 
979 Freddie 
641 Freddy 
428 Frederick 
830 Fredrick 
32 Gabriel 
721 Gael 
140 Gage 
928 Gaige 
956 Gannon 
980 Garett 
570 Garret 
91 Garrett 
660 Garrison 
284 Gary 
728 Gaven 
61 Gavin 
860 Gavyn 
733 Geoffrey 
131 George 
446 Gerald 
234 Gerardo 
759 German 
764 Giancarlo 
710 Gianni 
784 Gideon 
591 Gilbert 
522 Gilberto 
917 Gino 
987 Giovani 
202 Giovanni 
914 Giovanny 
892 Glen 
617 Glenn 
729 Gonzalo 
674 Gordon 
613 Grady 
410 Graham 
127 Grant 
308 Grayson 
169 Gregory 
704 Greyson 
228 Griffin 
771 Guadalupe 
405 Guillermo 
557 Gunnar 
636 Gunner 
265 Gustavo 
929 Guy 
918 Haden 
760 Hamza 
433 Harley 
586 Harold 
199 Harrison 
521 Harry 
765 Hassan 
96 Hayden 
672 Heath 
194 Hector 
115 Henry 
974 Herbert 
803 Heriberto 
412 Holden 
879 Houston 
687 Howard 
481 Hudson 
864 Hugh 
369 Hugo 
593 Humberto 
38 Hunter 
67 Ian 
658 Ibrahim 
638 Ignacio 
988 Immanuel 
645 Irvin 
880 Irving 
48 Isaac 
804 Isaak 
726 Isai 
45 Isaiah 
551 Isaias 
358 Isiah 
339 Ismael 
251 Israel 
414 Issac 
136 Ivan 
564 Izaiah 
702 Jabari 
281 Jace 
43 Jack 
50 Jackson 
1 Jacob 
766 Jacoby 
87 Jaden 
416 Jadon 
872 Jadyn 
714 Jaeden 
651 Jagger 
889 Jaheem 
357 Jaheim 
741 Jahiem 
375 Jaiden 
258 Jaime 
623 Jair 
622 Jairo 
102 Jake 
203 Jakob 
848 Jakobe 
146 Jalen 
364 Jamal 
615 Jamar 
567 Jamari 
788 Jamel 
18 James 
620 Jameson 
528 Jamie 
938 Jamil 
945 Jamir 
644 Jamison 
915 Jan 
484 Jaquan 
957 Jaquez 
84 Jared 
776 Jaren 
553 Jarod 
585 Jaron 
682 Jarred 
377 Jarrett 
732 Jarrod 
961 Jarvis 
966 Jase 
42 Jason 
483 Jasper 
900 Javen 
157 Javier 
791 Javion 
406 Javon 
310 Jaxon 
580 Jaxson 
335 Jay 
541 Jayce 
101 Jayden 
525 Jaydon 
699 Jaylan 
215 Jaylen 
389 Jaylin 
399 Jaylon 
332 Jayson 
694 Jean 
981 Jeff 
705 Jefferson 
362 Jeffery 
132 Jeffrey 
86 Jeremiah 
95 Jeremy 
448 Jermaine 
489 Jerome 
287 Jerry 
90 Jesse 
398 Jessie 
66 Jesus 
602 Jett 
946 Jevon 
267 Jimmy 
777 Joan 
496 Joaquin 
312 Joe 
123 Joel 
509 Joey 
510 Johan 
17 John 
170 Johnathan 
415 Johnathon 
236 Johnny 
366 Jon 
166 Jonah 
438 Jonas 
21 Jonathan 
269 Jonathon 
37 Jordan 
792 Jorden 
555 Jordon 
809 Jordy 
109 Jorge 
30 Jose 
853 Josef 
7 Joseph 
673 Josh 
3 Joshua 
154 Josiah 
220 Josue 
778 Jovan 
796 Jovani 
992 Jovanni 
962 Jovany 
54 Juan 
647 Judah 
529 Jude 
78 Julian 
607 Julien 
256 Julio 
403 Julius 
631 Junior 
334 Justice 
22 Justin 
646 Justus 
824 Justyn 
367 Kade 
173 Kaden 
619 Kadin 
276 Kai 
526 Kaiden 
904 Kale 
112 Kaleb 
260 Kameron 
653 Kamron 
639 Kane 
624 Kareem 
609 Karl 
678 Karson 
939 Kasey 
502 Kayden 
723 Keagan 
806 Keanu 
390 Keaton 
253 Keegan 
587 Keenan 
248 Keith 
681 Kellen 
884 Kelly 
761 Kelton 
396 Kelvin 
461 Kendall 
491 Kendrick 
849 Kennedy 
104 Kenneth 
449 Kenny 
949 Kent 
706 Kenyon 
625 Keon 
642 Keshawn 
837 Keven 
33 Kevin 
722 Kevon 
716 Keyon 
675 Keyshawn 
779 Khalid 
423 Khalil 
857 Kian 
554 Kieran 
975 Kirk 
244 Kobe 
579 Koby 
392 Kody 
385 Kolby 
611 Kole 
568 Kolton 
815 Korbin 
736 Korey 
972 Kory 
457 Kristian 
982 Kristofer 
329 Kristopher 
669 Kurt 
838 Kurtis 
873 Kylan 
40 Kyle 
277 Kyler 
958 Kyree 
731 Lamar 
881 Lamont 
261 Lance 
477 Landen 
142 Landon 
299 Lane 
306 Larry 
882 Latrell 
345 Lawrence 
842 Lawson 
689 Layne 
893 Layton 
517 Lee 
340 Leo 
492 Leon 
562 Leonard 
230 Leonardo 
542 Leonel 
812 Leroy 
167 Levi 
594 Lewis 
113 Liam 
608 Lincoln 
901 Lisandro 
991 Lloyd 
29 Logan 
874 London 
906 Lonnie 
297 Lorenzo 
272 Louis 
930 Luc 
524 Luca 
75 Lucas 
921 Luciano 
57 Luis 
317 Lukas 
46 Luke 
210 Malachi 
897 Malakai 
426 Malcolm 
211 Malik 
164 Manuel 
282 Marc 
854 Marcel 
875 Marcelo 
187 Marco 
247 Marcos 
106 Marcus 
996 Mariano 
171 Mario 
93 Mark 
654 Markus 
511 Marlon 
922 Marquez 
501 Marquis 
661 Marquise 
368 Marshall 
192 Martin 
346 Marvin 
53 Mason 
355 Mateo 
273 Mathew 
793 Matteo 
4 Matthew 
378 Maurice 
353 Mauricio 
799 Maverick 
165 Max 
959 Maxim 
326 Maximilian 
709 Maximillian 
931 Maximo 
314 Maximus 
129 Maxwell 
544 Mekhi 
316 Melvin 
174 Micah 
2 Michael 
348 Micheal 
88 Miguel 
597 Mike 
947 Mikel 
239 Miles 
807 Milo 
695 Milton 
696 Misael 
923 Mitchel 
176 Mitchell 
503 Mohamed 
531 Mohammad 
571 Mohammed 
336 Moises 
373 Morgan 
473 Moses 
632 Moshe 
659 Muhammad 
944 Mustafa 
301 Myles 
876 Nash 
429 Nasir 
28 Nathan 
455 Nathanael 
635 Nathanial 
63 Nathaniel 
855 Nathen 
950 Neal 
652 Nehemiah 
574 Neil 
413 Nelson 
850 Nestor 
9 Nicholas 
831 Nick 
318 Nickolas 
717 Nico 
137 Nicolas 
666 Nigel 
890 Nikhil 
993 Niko 
359 Nikolas 
31 Noah 
464 Noe 
450 Noel 
172 Nolan 
810 Norman 
690 Octavio 
268 Oliver 
151 Omar 
707 Omari 
535 Omarion 
584 Orion 
374 Orlando 
976 Osbaldo 
121 Oscar 
419 Osvaldo 
885 Oswaldo 
94 Owen 
295 Pablo 
126 Parker 
79 Patrick 
118 Paul 
843 Paxton 
255 Payton 
225 Pedro 
762 Perry 
134 Peter 
205 Peyton 
263 Philip 
226 Phillip 
616 Phoenix 
520 Pierce 
948 Pierre 
685 Porter 
894 Pranav 
155 Preston 
983 Prince 
352 Quentin 
430 Quincy 
311 Quinn 
750 Quinten 
628 Quintin 
411 Quinton 
232 Rafael 
940 Rahul 
629 Ralph 
505 Ramiro 
319 Ramon 
514 Randall 
293 Randy 
680 Raphael 
596 Rashad 
240 Raul 
997 Raven 
582 Ray 
177 Raymond 
910 Raymundo 
772 Reagan 
351 Reece 
493 Reed 
386 Reese 
427 Reginald 
447 Reid 
821 Reilly 
883 Remington 
421 Rene 
797 Reuben 
924 Rey 
671 Reynaldo 
668 Rhett 
143 Ricardo 
77 Richard 
932 Rickey 
344 Ricky 
688 Rigoberto 
99 Riley 
612 River 
34 Robert 
188 Roberto 
763 Rocco 
637 Roderick 
371 Rodney 
504 Rodolfo 
393 Rodrigo 
479 Rogelio 
387 Roger 
518 Rohan 
735 Roland 
536 Rolando 
286 Roman 
569 Romeo 
227 Ronald 
767 Ronaldo 
823 Ronan 
552 Ronnie 
700 Rory 
530 Ross 
818 Rowan 
440 Roy 
219 Ruben 
565 Rudy 
328 Russell 
16 Ryan 
724 Ryder 
475 Rylan 
933 Rylee 
989 Ryley 
951 Sabastian 
575 Sage 
343 Salvador 
595 Salvatore 
443 Sam 
839 Samir 
832 Sammy 
891 Samson 
25 Samuel 
321 Santiago 
905 Santino 
725 Santos 
289 Saul 
572 Savion 
498 Sawyer 
185 Scott 
800 Seamus 
59 Sean 
80 Sebastian 
751 Semaj 
186 Sergio 
72 Seth 
649 Shamar 
130 Shane 
742 Shannon 
402 Shaun 
152 Shawn 
861 Shayne 
783 Shea 
686 Sheldon 
970 Shemar 
676 Sidney 
431 Silas 
242 Simon 
768 Sincere 
383 Skylar 
223 Skyler 
460 Solomon 
813 Sonny 
110 Spencer 
490 Stanley 
662 Stefan 
757 Stephan 
114 Stephen 
911 Stephon 
588 Sterling 
454 Steve 
68 Steven 
827 Stone 
870 Stuart 
990 Sullivan 
952 Syed 
648 Talon 
111 Tanner 
738 Tariq 
456 Tate 
858 Tavion 
190 Taylor 
442 Terrance 
474 Terrell 
558 Terrence 
380 Terry 
746 Thaddeus 
300 Theodore 
36 Thomas 
70 Timothy 
599 Titus 
532 Tobias 
476 Toby 
469 Todd 
462 Tomas 
342 Tommy 
283 Tony 
519 Trace 
144 Travis 
769 Travon 
798 Tre 
231 Trent 
180 Trenton 
877 Trever 
977 Trevin 
825 Trevion 
394 Trevon 
81 Trevor 
213 Trey 
826 Treyton 
103 Tristan 
315 Tristen 
785 Tristian 
488 Tristin 
465 Triston 
249 Troy 
953 Trystan 
296 Tucker 
925 Turner 
214 Ty 
14 Tyler 
835 Tylor 
573 Tyree 
537 Tyrell 
453 Tyrese 
507 Tyrone 
887 Tyshawn 
307 Tyson 
543 Ulises 
814 Ulysses 
451 Uriel 
844 Vance 
934 Vaughn 
926 Vernon 
559 Vicente 
100 Victor 
122 Vincent 
538 Wade 
407 Walker 
331 Walter 
527 Warren 
753 Waylon 
539 Wayne 
183 Wesley 
381 Weston 
549 Will 
11 William 
437 Willie 
468 Wilson 
789 Winston 
119 Wyatt 
545 Xander 
89 Xavier 
747 Xzavier 
604 Yahir 
836 Yosef 
998 Yousef 
397 Zachariah 
19 Zachary 
324 Zachery 
978 Zack 
254 Zackary 
409 Zackery 
919 Zain 
895 Zaire 
683 Zakary 
533 Zander 
222 Zane 
927 Zavier 
967 Zayne 
655 Zechariah 
333 Zion 
