2000
41 Aaron 
870 Abdullah 
352 Abel 
213 Abraham 
796 Abram 
45 Adam 
502 Adan 
514 Addison 
889 Aden 
546 Adolfo 
755 Adonis 
78 Adrian 
937 Adrien 
578 Agustin 
454 Ahmad 
491 Ahmed 
114 Aidan 
324 Aiden 
161 Alan 
284 Albert 
270 Alberto 
854 Alden 
663 Aldo 
156 Alec 
89 Alejandro 
970 Alek 
936 Alessandro 
62 Alex 
20 Alexander 
801 Alexandro 
144 Alexis 
966 Alexzander 
489 Alfonso 
577 Alfred 
301 Alfredo 
380 Ali 
484 Allan 
251 Allen 
638 Alonso 
517 Alonzo 
511 Alvaro 
469 Alvin 
681 Amari 
414 Amir 
779 Anderson 
197 Andre 
954 Andreas 
165 Andres 
7 Andrew 
211 Andy 
67 Angel 
303 Angelo 
17 Anthony 
591 Antoine 
699 Anton 
82 Antonio 
784 Antony 
708 Antwan 
788 Ari 
978 Aric 
550 Ariel 
237 Armando 
650 Armani 
763 Arnold 
597 Aron 
316 Arthur 
291 Arturo 
657 Asa 
579 Asher 
254 Ashton 
844 Aubrey 
613 August 
955 Augustus 
704 Austen 
23 Austin 
789 Austyn 
245 Avery 
364 Axel 
666 Ayden 
645 Baby 
202 Bailey 
982 Barrett 
678 Barry 
465 Beau 
561 Ben 
893 Benito 
26 Benjamin 
441 Bennett 
836 Benny 
654 Bernard 
897 Bernardo 
385 Billy 
455 Blaine 
943 Blaise 
80 Blake 
877 Blaze 
975 Bo 
363 Bobby 
631 Brad 
204 Braden 
131 Bradley 
931 Bradly 
190 Brady 
451 Braeden 
793 Braedon 
983 Braiden 
858 Brandan 
337 Branden 
12 Brandon 
971 Brandyn 
979 Branson 
984 Brant 
336 Braxton 
485 Brayan 
199 Brayden 
558 Braydon 
101 Brendan 
243 Brenden 
348 Brendon 
276 Brennan 
548 Brennen 
980 Brennon 
318 Brent 
717 Brenton 
658 Bret 
163 Brett 
43 Brian 
572 Brice 
268 Brock 
944 Brodie 
338 Brody 
871 Bronson 
705 Brooks 
432 Bruce 
967 Bruno 
70 Bryan 
317 Bryant 
92 Bryce 
790 Brycen 
269 Bryson 
438 Byron 
216 Cade 
239 Caden 
837 Cale 
38 Caleb 
214 Calvin 
361 Camden 
31 Cameron 
860 Camren 
412 Camron 
304 Carl 
901 Carlo 
66 Carlos 
749 Carlton 
119 Carson 
152 Carter 
193 Casey 
625 Cayden 
464 Cedric 
170 Cesar 
235 Chad 
867 Chaim 
212 Chance 
174 Chandler 
51 Charles 
452 Charlie 
77 Chase 
700 Chaz 
395 Chris 
22 Christian 
5 Christopher 
616 Clarence 
764 Clark 
397 Clay 
151 Clayton 
753 Clifford 
740 Clifton 
917 Clint 
634 Clinton 
529 Coby 
60 Cody 
233 Colby 
71 Cole 
544 Coleman 
117 Colin 
129 Collin 
814 Colt 
531 Colten 
110 Colton 
191 Conner 
50 Connor 
365 Conor 
709 Conrad 
240 Cooper 
292 Corbin 
640 Cordell 
149 Corey 
791 Cornelius 
741 Cortez 
227 Cory 
859 Courtney 
339 Craig 
160 Cristian 
810 Cristobal 
606 Cristopher 
647 Cruz 
569 Cullen 
265 Curtis 
541 Cyrus 
88 Dakota 
536 Dale 
309 Dallas 
744 Dallin 
91 Dalton 
205 Damian 
258 Damien 
434 Damion 
289 Damon 
945 Dan 
565 Dandre 
424 Dane 
530 Dangelo 
9 Daniel 
287 Danny 
247 Dante 
580 Daquan 
415 Darian 
556 Darien 
780 Darin 
807 Dario 
655 Darion 
220 Darius 
656 Darnell 
470 Darrell 
297 Darren 
862 Darrin 
868 Darrion 
676 Darrius 
551 Darryl 
738 Daryl 
602 Dashawn 
16 David 
747 Davin 
475 Davion 
381 Davis 
499 Davon 
855 Davonte 
168 Dawson 
994 Dayne 
562 Dayton 
378 Dean 
293 Deandre 
649 Deangelo 
545 Declan 
890 Deion 
972 Demarco 
622 Demarcus 
382 Demetrius 
252 Dennis 
894 Denver 
774 Denzel 
608 Deon 
785 Deondre 
881 Deontae 
605 Deonte 
121 Derek 
615 Derick 
218 Derrick 
820 Deshaun 
487 Deshawn 
375 Desmond 
742 Destin 
494 Devan 
759 Devante 
479 Deven 
69 Devin 
133 Devon 
500 Devonte 
598 Devyn 
861 Dewayne 
756 Dexter 
147 Diego 
673 Dillan 
989 Dillion 
169 Dillon 
733 Dimitri 
710 Dion 
905 Domenic 
118 Dominic 
271 Dominick 
832 Dominik 
524 Dominique 
828 Don 
217 Donald 
734 Donavan 
963 Donavon 
998 Donnell 
946 Donnie 
206 Donovan 
985 Dontae 
522 Donte 
399 Dorian 
274 Douglas 
261 Drake 
735 Draven 
188 Drew 
863 Duane 
448 Duncan 
148 Dustin 
539 Dwayne 
768 Dwight 
24 Dylan 
752 Dylon 
968 Ean 
712 Earl 
581 Easton 
350 Eddie 
177 Edgar 
124 Eduardo 
108 Edward 
196 Edwin 
552 Efrain 
878 Efren 
236 Eli 
427 Elian 
242 Elias 
52 Elijah 
928 Eliseo 
653 Elisha 
468 Elliot 
537 Elliott 
786 Ellis 
864 Elmer 
593 Elvis 
329 Emanuel 
911 Emerson 
637 Emiliano 
347 Emilio 
195 Emmanuel 
739 Emmett 
221 Enrique 
42 Eric 
189 Erick 
143 Erik 
512 Ernest 
346 Ernesto 
334 Esteban 
745 Estevan 
25 Ethan 
504 Eugene 
55 Evan 
585 Everett 
358 Ezekiel 
596 Ezequiel 
435 Ezra 
285 Fabian 
425 Felipe 
376 Felix 
150 Fernando 
882 Fidel 
833 Finn 
696 Forrest 
995 Francesco 
436 Francis 
139 Francisco 
208 Frank 
728 Frankie 
449 Franklin 
960 Fred 
932 Freddie 
609 Freddy 
396 Frederick 
720 Fredrick 
44 Gabriel 
166 Gage 
883 Gaige 
766 Garett 
420 Garret 
74 Garrett 
667 Garrison 
275 Gary 
845 Gaven 
85 Gavin 
976 Genaro 
651 Geoffrey 
130 George 
383 Gerald 
823 Gerard 
209 Gerardo 
694 German 
815 Giancarlo 
729 Gianni 
891 Gideon 
527 Gilbert 
480 Gilberto 
902 Gino 
999 Giovani 
201 Giovanni 
829 Giovanny 
769 Glen 
590 Glenn 
695 Gonzalo 
641 Gordon 
746 Grady 
406 Graham 
123 Grant 
313 Grayson 
138 Gregory 
706 Greyson 
231 Griffin 
703 Guadalupe 
392 Guillermo 
574 Gunnar 
715 Gunner 
260 Gustavo 
811 Guy 
794 Hamza 
446 Harley 
535 Harold 
184 Harrison 
513 Harry 
685 Hassan 
128 Hayden 
851 Heath 
185 Hector 
126 Henry 
964 Herbert 
912 Heriberto 
974 Hernan 
453 Holden 
777 Houston 
664 Howard 
587 Hudson 
906 Hugh 
400 Hugo 
575 Humberto 
35 Hunter 
73 Ian 
692 Ibrahim 
642 Ignacio 
770 Infant 
662 Irvin 
838 Irving 
53 Isaac 
996 Isaak 
938 Isai 
47 Isaiah 
566 Isaias 
342 Isiah 
947 Isidro 
340 Ismael 
244 Israel 
457 Issac 
153 Ivan 
659 Izaiah 
847 Jabari 
310 Jace 
46 Jack 
808 Jackie 
72 Jackson 
1 Jacob 
824 Jacoby 
154 Jaden 
515 Jadon 
948 Jaeden 
603 Jaiden 
262 Jaime 
661 Jairo 
96 Jake 
173 Jakob 
1000 Jaleel 
106 Jalen 
956 Jalon 
366 Jamal 
617 Jamar 
977 Jamarcus 
743 Jamari 
799 Jamel 
18 James 
736 Jameson 
501 Jamie 
834 Jamil 
957 Jamir 
629 Jamison 
835 Jan 
445 Jaquan 
56 Jared 
686 Jaren 
416 Jarod 
583 Jaron 
472 Jarred 
299 Jarrett 
534 Jarrod 
765 Jarvis 
39 Jason 
592 Jasper 
155 Javier 
949 Javion 
371 Javon 
965 Javonte 
477 Jaxon 
839 Jaxson 
328 Jay 
604 Jayce 
194 Jayden 
713 Jaydon 
632 Jaylan 
224 Jaylen 
460 Jaylin 
430 Jaylon 
370 Jayson 
628 Jean 
929 Jeff 
716 Jefferson 
333 Jeffery 
104 Jeffrey 
103 Jeremiah 
84 Jeremy 
444 Jermaine 
495 Jerome 
264 Jerry 
90 Jesse 
447 Jessie 
76 Jesus 
643 Jett 
635 Jevon 
950 Jimmie 
272 Jimmy 
913 Joan 
563 Joaquin 
315 Joe 
112 Joel 
488 Joey 
903 Johan 
14 John 
157 Johnathan 
377 Johnathon 
951 Johnnie 
234 Johnny 
354 Jon 
192 Jonah 
526 Jonas 
21 Jonathan 
226 Jonathon 
36 Jordan 
781 Jorden 
467 Jordon 
802 Jordy 
107 Jorge 
34 Jose 
812 Josef 
8 Joseph 
821 Josh 
4 Joshua 
181 Josiah 
248 Josue 
682 Jovan 
873 Jovani 
986 Jovany 
48 Juan 
816 Judah 
679 Jude 
87 Julian 
636 Julien 
256 Julio 
483 Julius 
674 Junior 
388 Justice 
19 Justin 
693 Justus 
856 Justyn 
418 Kade 
273 Kaden 
852 Kadin 
404 Kai 
840 Kaiden 
987 Kale 
141 Kaleb 
266 Kameron 
973 Kamren 
677 Kamron 
594 Kane 
619 Kareem 
564 Karl 
725 Karson 
760 Kasey 
939 Kavon 
782 Kayden 
730 Keagan 
771 Keanu 
353 Keaton 
283 Keegan 
532 Keenan 
222 Keith 
668 Kellen 
803 Kelly 
857 Kelton 
389 Kelvin 
359 Kendall 
456 Kendrick 
952 Kennedy 
94 Kenneth 
431 Kenny 
772 Kent 
773 Kenyon 
644 Keon 
925 Keshaun 
554 Keshawn 
809 Keven 
32 Kevin 
393 Kevon 
757 Keyon 
519 Keyshawn 
783 Khalid 
405 Khalil 
940 Kian 
528 Kieran 
848 Kirk 
238 Kobe 
533 Koby 
349 Kody 
542 Kolby 
687 Kole 
612 Kolton 
961 Korbin 
822 Korey 
737 Kory 
421 Kristian 
830 Kristofer 
294 Kristopher 
610 Kurt 
721 Kurtis 
990 Kylan 
37 Kyle 
306 Kyler 
921 Ladarius 
639 Lamar 
775 Lamont 
267 Lance 
714 Landen 
200 Landon 
296 Lane 
280 Larry 
688 Latrell 
323 Lawrence 
959 Lawson 
778 Layne 
471 Lee 
390 Leo 
503 Leon 
508 Leonard 
253 Leonardo 
523 Leonel 
722 Leroy 
172 Levi 
573 Lewis 
140 Liam 
711 Lincoln 
997 Lionel 
922 Lloyd 
40 Logan 
895 London 
825 Lonnie 
314 Lorenzo 
279 Louis 
626 Luca 
83 Lucas 
879 Luciano 
49 Luis 
367 Lukas 
59 Luke 
697 Mackenzie 
351 Malachi 
368 Malcolm 
176 Malik 
159 Manuel 
228 Marc 
750 Marcel 
849 Marcelo 
182 Marco 
241 Marcos 
99 Marcus 
920 Mariano 
167 Mario 
79 Mark 
624 Markus 
506 Marlon 
914 Marques 
787 Marquez 
422 Marquis 
588 Marquise 
344 Marshall 
175 Martin 
341 Marvin 
64 Mason 
429 Mateo 
250 Mathew 
896 Matteo 
3 Matthew 
345 Maurice 
413 Mauricio 
865 Maverick 
164 Max 
962 Maxim 
391 Maximilian 
702 Maximillian 
853 Maximus 
113 Maxwell 
933 Mekhi 
459 Melvin 
186 Micah 
2 Michael 
302 Micheal 
86 Miguel 
599 Mike 
850 Mikel 
257 Miles 
652 Milton 
689 Misael 
751 Mitchel 
132 Mitchell 
473 Mohamed 
466 Mohammad 
520 Mohammed 
322 Moises 
332 Morgan 
461 Moses 
660 Moshe 
620 Muhammad 
290 Myles 
923 Myron 
918 Nash 
560 Nasir 
30 Nathan 
408 Nathanael 
584 Nathanial 
61 Nathaniel 
874 Nathen 
892 Neal 
698 Nehemiah 
496 Neil 
417 Nelson 
727 Nestor 
6 Nicholas 
767 Nick 
988 Nicklaus 
281 Nickolas 
841 Nico 
137 Nicolas 
576 Nigel 
866 Nikhil 
357 Nikolas 
27 Noah 
490 Noe 
407 Noel 
180 Nolan 
671 Norman 
683 Octavio 
305 Oliver 
146 Omar 
924 Omari 
553 Orion 
401 Orlando 
122 Oscar 
540 Osvaldo 
145 Owen 
298 Pablo 
817 Paris 
127 Parker 
68 Patrick 
100 Paul 
941 Paxton 
219 Payton 
210 Pedro 
684 Perry 
125 Peter 
183 Peyton 
255 Philip 
198 Phillip 
875 Phoenix 
498 Pierce 
926 Pierre 
804 Porter 
142 Preston 
887 Prince 
325 Quentin 
507 Quincy 
311 Quinn 
691 Quinten 
570 Quintin 
379 Quinton 
230 Rafael 
919 Raheem 
818 Rahul 
586 Ralph 
497 Ramiro 
319 Ramon 
442 Randall 
278 Randy 
621 Raphael 
646 Rashad 
842 Rashawn 
942 Rasheed 
223 Raul 
898 Raven 
516 Ray 
162 Raymond 
813 Raymundo 
876 Reagan 
386 Reece 
450 Reed 
419 Reese 
372 Reginald 
439 Reid 
826 Reilly 
792 Remington 
387 Rene 
805 Reuben 
981 Rey 
758 Reynaldo 
675 Rhett 
134 Ricardo 
65 Richard 
930 Rick 
888 Rickey 
295 Ricky 
680 Rigoberto 
109 Riley 
611 River 
29 Robert 
187 Roberto 
908 Rocky 
614 Roderick 
343 Rodney 
423 Rodolfo 
384 Rodrigo 
481 Rogelio 
373 Roger 
618 Rohan 
690 Roland 
518 Rolando 
321 Roman 
607 Romeo 
203 Ronald 
886 Ronaldo 
482 Ronnie 
630 Rory 
433 Ross 
969 Rowan 
402 Roy 
884 Royce 
207 Ruben 
557 Rudy 
320 Russell 
13 Ryan 
795 Ryder 
567 Rylan 
904 Ryley 
934 Sabastian 
543 Sage 
330 Salvador 
582 Salvatore 
462 Sam 
831 Samir 
761 Sammy 
899 Samson 
28 Samuel 
360 Santiago 
748 Santos 
286 Saul 
819 Savion 
458 Sawyer 
158 Scott 
827 Seamus 
57 Sean 
81 Sebastian 
179 Sergio 
63 Seth 
549 Shamar 
116 Shane 
723 Shannon 
355 Shaun 
135 Shawn 
724 Shayne 
935 Shea 
623 Sheldon 
672 Shemar 
595 Sidney 
600 Silas 
909 Simeon 
263 Simon 
846 Sincere 
356 Skylar 
229 Skyler 
463 Solomon 
869 Sonny 
98 Spencer 
505 Stanley 
571 Stefan 
718 Stephan 
95 Stephen 
726 Stephon 
568 Sterling 
394 Steve 
54 Steven 
719 Stone 
665 Stuart 
754 Syed 
701 Talon 
93 Tanner 
648 Tariq 
437 Tate 
136 Taylor 
797 Terence 
403 Terrance 
409 Terrell 
486 Terrence 
331 Terry 
800 Tevin 
762 Thaddeus 
312 Theodore 
33 Thomas 
58 Timothy 
633 Titus 
589 Tobias 
538 Toby 
426 Todd 
476 Tomas 
307 Tommy 
282 Tony 
547 Trace 
115 Travis 
669 Travon 
627 Tre 
232 Trent 
178 Trenton 
806 Trever 
910 Trevion 
362 Trevon 
75 Trevor 
215 Trey 
991 Treyvon 
105 Tristan 
327 Tristen 
731 Tristian 
521 Tristin 
443 Triston 
225 Troy 
907 Trystan 
288 Tucker 
900 Turner 
259 Ty 
10 Tyler 
601 Tylor 
493 Tyree 
915 Tyreek 
880 Tyrek 
492 Tyrell 
326 Tyrese 
953 Tyrique 
411 Tyrone 
885 Tyshawn 
335 Tyson 
555 Ulises 
776 Ulysses 
478 Uriel 
958 Valentin 
916 Vaughn 
843 Vernon 
559 Vicente 
97 Victor 
120 Vincent 
992 Vincenzo 
474 Wade 
428 Walker 
308 Walter 
440 Warren 
509 Wayne 
171 Wesley 
398 Weston 
510 Will 
11 William 
410 Willie 
525 Wilson 
707 Winston 
111 Wyatt 
927 Xander 
102 Xavier 
872 Xzavier 
374 Zachariah 
15 Zachary 
277 Zachery 
249 Zackary 
369 Zackery 
798 Zaire 
732 Zakary 
993 Zander 
246 Zane 
670 Zechariah 
300 Zion 
