2004
53 Aaron 
897 Abdullah 
356 Abel 
193 Abraham 
589 Abram 
58 Adam 
285 Adan 
542 Addison 
306 Aden 
749 Aditya 
543 Adolfo 
781 Adonis 
72 Adrian 
801 Adriel 
769 Adrien 
651 Agustin 
486 Ahmad 
525 Ahmed 
40 Aidan 
60 Aiden 
131 Alan 
338 Albert 
283 Alberto 
733 Alden 
608 Aldo 
246 Alec 
99 Alejandro 
675 Alessandro 
63 Alex 
15 Alexander 
729 Alexandro 
103 Alexis 
642 Alexzander 
522 Alfonso 
716 Alfred 
327 Alfredo 
379 Ali 
632 Alijah 
444 Allan 
256 Allen 
676 Alonso 
548 Alonzo 
590 Alvaro 
514 Alvin 
408 Amari 
490 Amarion 
340 Amir 
594 Anderson 
863 Andon 
200 Andre 
966 Andreas 
169 Andres 
6 Andrew 
205 Andy 
44 Angel 
269 Angelo 
11 Anthony 
630 Antoine 
751 Anton 
93 Antonio 
762 Antony 
919 Antwan 
678 Ari 
551 Ariel 
741 Arjun 
241 Armando 
728 Armani 
889 Arnav 
900 Arnold 
640 Aron 
357 Arthur 
308 Arturo 
644 Aryan 
672 Asa 
334 Asher 
76 Ashton 
933 Atticus 
673 August 
841 Augustus 
35 Austin 
225 Avery 
325 Axel 
665 Aydan 
182 Ayden 
885 Aydin 
793 Baby 
434 Bailey 
773 Barrett 
961 Barry 
402 Beau 
528 Ben 
25 Benjamin 
403 Bennett 
941 Benny 
764 Bernard 
877 Bernardo 
459 Billy 
565 Blaine 
890 Blaise 
95 Blake 
816 Blaze 
864 Bo 
453 Bobby 
908 Boston 
832 Brad 
153 Braden 
176 Bradley 
122 Brady 
790 Bradyn 
324 Braeden 
712 Braedon 
669 Braiden 
420 Branden 
22 Brandon 
949 Branson 
850 Braulio 
220 Braxton 
336 Brayan 
107 Brayden 
415 Braydon 
703 Braylon 
148 Brendan 
277 Brenden 
460 Brendon 
300 Brennan 
629 Brennen 
404 Brent 
875 Brenton 
222 Brett 
59 Brian 
646 Brice 
245 Brock 
982 Broderick 
616 Brodie 
210 Brody 
1000 Bronson 
633 Brooks 
478 Bruce 
786 Bruno 
65 Bryan 
317 Bryant 
108 Bryce 
659 Brycen 
201 Bryson 
509 Byron 
251 Cade 
104 Caden 
955 Cael 
400 Caiden 
774 Cale 
33 Caleb 
219 Calvin 
233 Camden 
50 Cameron 
613 Camren 
339 Camron 
830 Cannon 
370 Carl 
950 Carlo 
71 Carlos 
910 Carmelo 
101 Carson 
88 Carter 
261 Casey 
798 Cash 
804 Cason 
264 Cayden 
579 Cedric 
157 Cesar 
344 Chad 
833 Chaim 
250 Chance 
282 Chandler 
56 Charles 
351 Charlie 
81 Chase 
914 Chaz 
396 Chris 
24 Christian 
10 Christopher 
745 Clarence 
724 Clark 
583 Clay 
198 Clayton 
823 Clifford 
731 Clinton 
702 Coby 
85 Cody 
650 Cohen 
185 Colby 
75 Cole 
634 Coleman 
84 Colin 
130 Collin 
575 Colten 
135 Colton 
134 Conner 
38 Connor 
451 Conor 
740 Conrad 
133 Cooper 
270 Corbin 
991 Cordell 
212 Corey 
967 Cornelius 
915 Cortez 
349 Cory 
479 Craig 
139 Cristian 
992 Cristofer 
582 Cristopher 
561 Cruz 
707 Cullen 
322 Curtis 
515 Cyrus 
137 Dakota 
603 Dale 
359 Dallas 
911 Dallin 
167 Dalton 
690 Damarion 
159 Damian 
196 Damien 
466 Damion 
314 Damon 
810 Dandre 
468 Dane 
753 Dangelo 
7 Daniel 
304 Danny 
271 Dante 
826 Daquan 
547 Darian 
742 Darien 
978 Darin 
845 Dario 
860 Darion 
286 Darius 
708 Darnell 
557 Darrell 
337 Darren 
986 Darrin 
927 Darrius 
698 Darryl 
819 Darwin 
652 Dashawn 
811 Davian 
14 David 
592 Davin 
437 Davion 
376 Davis 
620 Davon 
206 Dawson 
508 Dayton 
898 Deacon 
373 Dean 
416 Deandre 
878 Deangelo 
431 Declan 
775 Demarcus 
820 Demarion 
438 Demetrius 
310 Dennis 
752 Denzel 
817 Deon 
156 Derek 
704 Derick 
249 Derrick 
934 Deshaun 
546 Deshawn 
467 Desmond 
996 Destin 
504 Devan 
511 Deven 
82 Devin 
175 Devon 
782 Devonte 
661 Devyn 
799 Dexter 
73 Diego 
666 Dillan 
197 Dillon 
968 Dimitri 
844 Dion 
880 Domenic 
91 Dominic 
217 Dominick 
639 Dominik 
654 Dominique 
263 Donald 
734 Donavan 
187 Donovan 
648 Donte 
435 Dorian 
353 Douglas 
262 Drake 
683 Draven 
211 Drew 
566 Duncan 
223 Dustin 
684 Dwayne 
886 Dwight 
19 Dylan 
831 Dylon 
812 Ean 
951 Earl 
418 Easton 
362 Eddie 
916 Eddy 
170 Edgar 
126 Eduardo 
129 Edward 
173 Edwin 
584 Efrain 
969 Efren 
160 Eli 
855 Elian 
207 Elias 
993 Eliezer 
31 Elijah 
599 Elisha 
398 Elliot 
458 Elliott 
837 Ellis 
865 Elmer 
956 Elvin 
693 Elvis 
278 Emanuel 
717 Emerson 
364 Emiliano 
297 Emilio 
174 Emmanuel 
621 Emmett 
255 Enrique 
795 Enzo 
61 Eric 
180 Erick 
172 Erik 
597 Ernest 
347 Ernesto 
352 Esteban 
760 Estevan 
5 Ethan 
881 Ethen 
585 Eugene 
39 Evan 
535 Everett 
315 Ezekiel 
563 Ezequiel 
381 Ezra 
267 Fabian 
440 Felipe 
393 Felix 
155 Fernando 
568 Finn 
994 Fisher 
959 Fletcher 
524 Francis 
149 Francisco 
891 Franco 
230 Frank 
746 Frankie 
489 Franklin 
641 Freddy 
449 Frederick 
802 Fredrick 
32 Gabriel 
371 Gael 
145 Gage 
866 Gannon 
671 Garret 
114 Garrett 
736 Garrison 
326 Gary 
718 Gaven 
52 Gavin 
747 Gavyn 
851 Geoffrey 
146 George 
463 Gerald 
235 Gerardo 
827 German 
677 Giancarlo 
626 Gianni 
692 Gideon 
560 Gilbert 
536 Gilberto 
902 Gino 
189 Giovanni 
834 Giovanny 
682 Glenn 
856 Gonzalo 
750 Gordon 
544 Grady 
421 Graham 
141 Grant 
272 Grayson 
194 Gregory 
655 Greyson 
240 Griffin 
882 Guadalupe 
407 Guillermo 
574 Gunnar 
595 Gunner 
290 Gustavo 
987 Guy 
894 Haden 
960 Haiden 
730 Hamza 
462 Harley 
610 Harold 
209 Harrison 
530 Harry 
803 Hassan 
87 Hayden 
689 Heath 
192 Hector 
109 Henry 
887 Heriberto 
372 Holden 
824 Houston 
776 Howard 
329 Hudson 
921 Hugh 
367 Hugo 
680 Humberto 
49 Hunter 
69 Ian 
587 Ibrahim 
668 Ignacio 
979 Immanuel 
662 Irvin 
922 Irving 
46 Isaac 
903 Isaak 
699 Isai 
45 Isaiah 
502 Isaias 
385 Isiah 
332 Ismael 
215 Israel 
397 Issac 
117 Ivan 
538 Izaiah 
617 Jabari 
228 Jace 
42 Jack 
48 Jackson 
1 Jacob 
821 Jacoby 
83 Jaden 
430 Jadon 
800 Jadyn 
685 Jaeden 
997 Jagger 
743 Jaheim 
260 Jaiden 
814 Jaidyn 
273 Jaime 
605 Jair 
609 Jairo 
98 Jake 
236 Jakob 
846 Jakobe 
944 Jaleel 
190 Jalen 
445 Jamal 
635 Jamar 
998 Jamarcus 
426 Jamari 
539 Jamarion 
942 Jamel 
17 James 
516 Jameson 
533 Jamie 
917 Jamir 
577 Jamison 
770 Jan 
495 Jaquan 
127 Jared 
874 Jaren 
988 Jarod 
656 Jaron 
517 Jarrett 
980 Jarvis 
618 Jase 
47 Jason 
578 Jasper 
937 Javen 
158 Javier 
705 Javion 
406 Javon 
266 Jaxon 
464 Jaxson 
350 Jay 
521 Jayce 
62 Jayden 
895 Jaydin 
493 Jaydon 
695 Jaylan 
204 Jaylen 
413 Jaylin 
425 Jaylon 
319 Jayson 
970 Jayvon 
681 Jean 
657 Jefferson 
419 Jeffery 
150 Jeffrey 
975 Jeramiah 
77 Jeremiah 
111 Jeremy 
461 Jermaine 
552 Jerome 
293 Jerry 
94 Jesse 
455 Jessie 
70 Jesus 
606 Jett 
280 Jimmy 
384 Joaquin 
348 Joe 
124 Joel 
491 Joey 
573 Johan 
18 John 
183 Johnathan 
510 Johnathon 
252 Johnny 
410 Jon 
177 Jonah 
456 Jonas 
21 Jonathan 
328 Jonathon 
43 Jordan 
794 Jorden 
607 Jordon 
867 Jordy 
928 Jordyn 
118 Jorge 
28 Jose 
923 Josef 
9 Joseph 
660 Josh 
3 Joshua 
144 Josiah 
208 Josue 
748 Jovan 
755 Jovani 
892 Jovanni 
912 Jovanny 
868 Jovany 
54 Juan 
558 Judah 
369 Jude 
74 Julian 
627 Julien 
268 Julio 
383 Julius 
647 Junior 
405 Justice 
30 Justin 
732 Justus 
388 Kade 
105 Kaden 
498 Kadin 
838 Kaeden 
247 Kai 
311 Kaiden 
796 Kale 
119 Kaleb 
807 Kamari 
918 Kamden 
276 Kameron 
945 Kamren 
667 Kamron 
696 Kane 
487 Kanye 
619 Kareem 
697 Karl 
602 Karson 
710 Kasey 
981 Kason 
318 Kayden 
691 Keagan 
872 Keanu 
354 Keaton 
257 Keegan 
586 Keenan 
253 Keith 
512 Kellen 
822 Kelton 
412 Kelvin 
507 Kendall 
518 Kendrick 
929 Kennedy 
121 Kenneth 
482 Kenny 
857 Kenyon 
709 Keon 
971 Kerry 
636 Keshawn 
935 Keven 
34 Kevin 
946 Kevon 
805 Keyon 
756 Keyshawn 
422 Khalil 
723 Kian 
545 Kieran 
417 Kobe 
883 Koby 
943 Koda 
409 Kody 
494 Kolby 
628 Kole 
637 Kolton 
744 Konner 
839 Konnor 
706 Korbin 
952 Korey 
485 Kristian 
375 Kristopher 
783 Kurt 
588 Kyan 
791 Kylan 
55 Kyle 
274 Kyler 
727 Lamar 
930 Lamont 
275 Lance 
281 Landen 
86 Landon 
842 Landyn 
298 Lane 
333 Larry 
363 Lawrence 
725 Lawson 
645 Layne 
947 Layton 
556 Lee 
265 Leo 
519 Leon 
580 Leonard 
195 Leonardo 
471 Leonel 
818 Leroy 
154 Levi 
631 Lewis 
112 Liam 
553 Lincoln 
27 Logan 
869 London 
295 Lorenzo 
302 Louis 
394 Luca 
67 Lucas 
757 Luciano 
57 Luis 
847 Luka 
294 Lukas 
41 Luke 
378 Maddox 
858 Madison 
179 Malachi 
771 Malakai 
926 Malaki 
534 Malcolm 
243 Malik 
168 Manuel 
335 Marc 
840 Marcel 
924 Marcelo 
191 Marco 
244 Marcos 
116 Marcus 
178 Mario 
113 Mark 
638 Markus 
523 Marlon 
789 Marques 
953 Marquez 
447 Marquis 
726 Marquise 
377 Marshall 
203 Martin 
355 Marvin 
51 Mason 
321 Mateo 
291 Mathew 
738 Mathias 
888 Matias 
700 Matteo 
4 Matthew 
815 Matthias 
386 Maurice 
368 Mauricio 
765 Maverick 
164 Max 
893 Maxim 
341 Maximilian 
813 Maximillian 
899 Maximo 
427 Maximus 
136 Maxwell 
346 Mekhi 
433 Melvin 
163 Micah 
2 Michael 
392 Micheal 
97 Miguel 
623 Mike 
870 Mikel 
221 Miles 
766 Milo 
754 Milton 
649 Misael 
213 Mitchell 
505 Mohamed 
622 Mohammad 
611 Mohammed 
360 Moises 
309 Morgan 
506 Moses 
614 Moshe 
679 Muhammad 
296 Myles 
989 Nash 
481 Nasir 
20 Nathan 
443 Nathanael 
686 Nathanial 
68 Nathaniel 
777 Nathen 
581 Nehemiah 
624 Neil 
457 Nelson 
879 Nestor 
13 Nicholas 
852 Nick 
299 Nickolas 
694 Nico 
138 Nicolas 
772 Nigel 
861 Nikhil 
957 Niko 
301 Nikolas 
29 Noah 
441 Noe 
454 Noel 
161 Nolan 
848 Norman 
653 Octavio 
229 Oliver 
147 Omar 
569 Omari 
448 Omarion 
550 Orion 
361 Orlando 
123 Oscar 
411 Osvaldo 
713 Oswaldo 
66 Owen 
303 Pablo 
132 Parker 
100 Patrick 
128 Paul 
884 Paxton 
238 Payton 
226 Pedro 
808 Perry 
142 Peter 
162 Peyton 
307 Philip 
248 Phillip 
554 Phoenix 
513 Pierce 
625 Porter 
767 Pranav 
152 Preston 
797 Prince 
330 Quentin 
470 Quincy 
305 Quinn 
828 Quinten 
567 Quintin 
476 Quinton 
224 Rafael 
995 Rahul 
711 Ralph 
532 Ramiro 
345 Ramon 
571 Randall 
316 Randy 
670 Raphael 
719 Rashad 
242 Raul 
576 Ray 
188 Raymond 
972 Raymundo 
596 Reagan 
391 Reece 
484 Reed 
390 Reese 
492 Reginald 
442 Reid 
985 Reilly 
809 Remington 
450 Rene 
853 Reuben 
931 Rex 
983 Rey 
701 Reynaldo 
715 Rhett 
938 Rhys 
143 Ricardo 
92 Richard 
358 Ricky 
688 Rigoberto 
106 Riley 
976 Rishi 
549 River 
36 Robert 
202 Roberto 
537 Rocco 
720 Roderick 
432 Rodney 
499 Rodolfo 
389 Rodrigo 
474 Rogelio 
414 Roger 
480 Rohan 
778 Roland 
526 Rolando 
239 Roman 
600 Romeo 
232 Ronald 
758 Ronaldo 
643 Ronan 
541 Ronnie 
721 Rory 
612 Ross 
475 Rowan 
469 Roy 
218 Ruben 
559 Rudy 
366 Russell 
12 Ryan 
342 Ryder 
784 Ryker 
374 Rylan 
904 Ryland 
779 Rylee 
658 Sage 
343 Salvador 
663 Salvatore 
439 Sam 
806 Samir 
825 Sammy 
954 Samson 
23 Samuel 
292 Santiago 
761 Santino 
768 Santos 
289 Saul 
901 Savion 
436 Sawyer 
214 Scott 
780 Seamus 
64 Sean 
96 Sebastian 
737 Semaj 
199 Sergio 
80 Seth 
876 Shamar 
165 Shane 
873 Shannon 
399 Shaun 
171 Shawn 
939 Shayne 
896 Shea 
759 Sheldon 
722 Sidney 
429 Silas 
854 Simeon 
254 Simon 
735 Sincere 
472 Skylar 
234 Skyler 
477 Solomon 
835 Sonny 
849 Soren 
151 Spencer 
555 Stanley 
792 Stefan 
862 Stephan 
140 Stephen 
909 Stephon 
674 Sterling 
503 Steve 
78 Steven 
925 Stone 
948 Sullivan 
763 Talon 
125 Tanner 
871 Tariq 
387 Tate 
216 Taylor 
962 Tayshaun 
905 Teagan 
473 Terrance 
488 Terrell 
604 Terrence 
401 Terry 
906 Thaddeus 
313 Theodore 
37 Thomas 
79 Timothy 
572 Titus 
500 Tobias 
428 Toby 
540 Todd 
483 Tomas 
395 Tommy 
320 Tony 
531 Trace 
166 Travis 
913 Travon 
977 Tre 
258 Trent 
973 Trenten 
186 Trenton 
974 Trever 
990 Trevin 
984 Trevion 
452 Trevon 
110 Trevor 
237 Trey 
115 Tristan 
331 Tristen 
787 Tristian 
570 Tristin 
497 Triston 
227 Troy 
958 Truman 
288 Tucker 
907 Turner 
181 Ty 
16 Tyler 
999 Tylor 
615 Tyree 
601 Tyrell 
593 Tyrese 
562 Tyrone 
932 Tyshawn 
284 Tyson 
591 Ulises 
446 Uriel 
788 Vance 
785 Vaughn 
564 Vicente 
102 Victor 
120 Vincent 
936 Vincenzo 
520 Wade 
382 Walker 
365 Walter 
527 Warren 
687 Waylon 
598 Wayne 
184 Wesley 
380 Weston 
529 Will 
8 William 
496 Willie 
465 Wilson 
836 Winston 
90 Wyatt 
259 Xander 
89 Xavier 
714 Xzavier 
323 Yahir 
739 Yair 
859 Yosef 
963 Yusuf 
424 Zachariah 
26 Zachary 
423 Zachery 
920 Zack 
287 Zackary 
501 Zackery 
964 Zaid 
829 Zain 
965 Zaire 
843 Zakary 
279 Zander 
231 Zane 
940 Zavier 
664 Zechariah 
312 Zion 
