1994
28 Aaron 
994 Abdul 
399 Abel 
242 Abraham 
848 Abram 
38 Adam 
539 Adan 
554 Addison 
586 Adolfo 
796 Adonis 
98 Adrian 
602 Agustin 
535 Ahmad 
642 Ahmed 
440 Aidan 
696 Akeem 
144 Alan 
209 Albert 
221 Alberto 
904 Aldo 
109 Alec 
106 Alejandro 
937 Alek 
50 Alex 
22 Alexander 
896 Alexandre 
790 Alexandro 
227 Alexis 
432 Alfonso 
476 Alfred 
274 Alfredo 
461 Ali 
428 Allan 
179 Allen 
862 Alonso 
465 Alonzo 
841 Alton 
561 Alvaro 
419 Alvin 
566 Amir 
849 Amos 
814 Anderson 
148 Andre 
905 Andreas 
163 Andres 
10 Andrew 
258 Andy 
104 Angel 
347 Angelo 
18 Anthony 
550 Antoine 
579 Anton 
88 Antonio 
874 Antony 
692 Antwan 
807 Ari 
791 Aric 
480 Ariel 
226 Armando 
980 Armani 
638 Arnold 
622 Aron 
708 Arron 
248 Arthur 
273 Arturo 
798 Asa 
883 Asher 
957 Ashley 
355 Ashton 
683 Aubrey 
750 August 
866 Augustus 
505 Austen 
17 Austin 
891 Auston 
820 Austyn 
260 Avery 
953 Axel 
525 Baby 
768 Bailey 
884 Barrett 
497 Barry 
395 Beau 
615 Ben 
757 Benito 
31 Benjamin 
662 Bennett 
867 Benny 
495 Bernard 
671 Bernardo 
255 Billy 
502 Blaine 
842 Blair 
1000 Blaise 
81 Blake 
758 Bo 
254 Bobby 
515 Brad 
341 Braden 
663 Bradford 
83 Bradley 
764 Bradly 
173 Brady 
715 Brandan 
270 Branden 
6 Brandon 
680 Brandyn 
995 Brannon 
916 Brant 
442 Braxton 
588 Brayden 
129 Brendan 
337 Brenden 
342 Brendon 
329 Brennan 
666 Brennen 
188 Brent 
577 Brenton 
494 Bret 
107 Brett 
37 Brian 
574 Brice 
328 Brock 
917 Broderick 
472 Brody 
802 Bronson 
645 Brooks 
330 Bruce 
66 Bryan 
303 Bryant 
150 Bryce 
900 Bryon 
468 Bryson 
987 Bryton 
368 Byron 
592 Cade 
731 Caden 
901 Cain 
958 Cale 
60 Caleb 
195 Calvin 
803 Camden 
52 Cameron 
759 Camron 
204 Carl 
918 Carlo 
72 Carlos 
547 Carlton 
315 Carson 
421 Carter 
116 Casey 
836 Cecil 
417 Cedric 
178 Cesar 
130 Chad 
919 Chadwick 
922 Chaim 
216 Chance 
348 Chandler 
43 Charles 
477 Charlie 
114 Chase 
563 Chaz 
928 Chester 
484 Chris 
35 Christian 
2 Christopher 
456 Clarence 
634 Clark 
354 Clay 
149 Clayton 
507 Clifford 
636 Clifton 
488 Clint 
397 Clinton 
875 Clyde 
892 Coby 
699 Codey 
932 Codi 
772 Codie 
25 Cody 
200 Colby 
111 Cole 
593 Coleman 
124 Colin 
152 Collin 
655 Colt 
558 Colten 
121 Colton 
225 Conner 
59 Connor 
304 Conor 
610 Conrad 
438 Cooper 
400 Corbin 
709 Cordell 
73 Corey 
629 Cornelius 
624 Cortez 
102 Cory 
605 Coty 
567 Courtney 
198 Craig 
138 Cristian 
909 Cristobal 
808 Cristopher 
725 Cruz 
600 Cullen 
170 Curtis 
765 Cyrus 
950 Dakoda 
69 Dakota 
728 Dakotah 
365 Dale 
222 Dallas 
850 Dallin 
85 Dalton 
912 Dalvin 
215 Damian 
278 Damien 
496 Damion 
293 Damon 
799 Dan 
745 Dana 
625 Dandre 
436 Dane 
8 Daniel 
231 Danny 
322 Dante 
374 Daquan 
357 Darian 
383 Darien 
647 Darin 
805 Dario 
526 Darion 
155 Darius 
467 Darnell 
868 Daron 
332 Darrell 
201 Darren 
766 Darrian 
972 Darrick 
923 Darrien 
591 Darrin 
700 Darrion 
580 Darrius 
372 Darryl 
943 Darwin 
549 Daryl 
528 Dashawn 
792 Daulton 
13 David 
863 Davin 
722 Davion 
424 Davis 
403 Davon 
582 Davonte 
854 Dawson 
751 Dayton 
314 Dean 
250 Deandre 
650 Deangelo 
581 Deion 
974 Dejuan 
951 Demarco 
453 Demarcus 
981 Demario 
888 Demetri 
301 Demetrius 
959 Demonte 
177 Dennis 
855 Denver 
335 Denzel 
473 Deon 
776 Deondre 
482 Deonte 
522 Dequan 
77 Derek 
499 Derick 
136 Derrick 
982 Desean 
821 Deshaun 
408 Deshawn 
359 Desmond 
938 Destin 
367 Devan 
309 Devante 
596 Deven 
61 Devin 
117 Devon 
611 Devonta 
889 Devontae 
279 Devonte 
784 Devyn 
797 Dewayne 
548 Dexter 
237 Diego 
601 Dillan 
694 Dillion 
101 Dillon 
594 Dimitri 
543 Dion 
902 Dionte 
924 Domenic 
128 Dominic 
302 Dominick 
239 Dominique 
998 Dominque 
679 Don 
132 Donald 
733 Donavan 
822 Dondre 
746 Donnell 
747 Donnie 
261 Donovan 
988 Dontae 
475 Donte 
531 Dorian 
156 Douglas 
339 Drake 
171 Drew 
648 Duane 
512 Duncan 
56 Dustin 
646 Dusty 
409 Dwayne 
540 Dwight 
32 Dylan 
703 Dylon 
518 Earl 
290 Eddie 
983 Eddy 
147 Edgar 
851 Edgardo 
913 Edmund 
113 Eduardo 
84 Edward 
175 Edwin 
516 Efrain 
831 Efren 
305 Eli 
318 Elias 
963 Eliezer 
133 Elijah 
933 Eliseo 
793 Elisha 
434 Elliot 
459 Elliott 
845 Ellis 
788 Elmer 
777 Elvis 
380 Emanuel 
379 Emilio 
229 Emmanuel 
826 Emmett 
265 Enrique 
30 Eric 
767 Erich 
185 Erick 
99 Erik 
811 Erin 
390 Ernest 
317 Ernesto 
965 Ervin 
378 Esteban 
681 Estevan 
89 Ethan 
373 Eugene 
62 Evan 
619 Everett 
616 Ezekiel 
672 Ezequiel 
695 Ezra 
326 Fabian 
420 Felipe 
391 Felix 
174 Fernando 
787 Fidel 
782 Floyd 
656 Forest 
217 Forrest 
996 Francesco 
340 Francis 
120 Francisco 
141 Frank 
603 Frankie 
349 Franklin 
652 Fred 
704 Freddie 
585 Freddy 
299 Frederick 
583 Fredrick 
68 Gabriel 
228 Gage 
882 Galen 
984 Garett 
493 Garret 
82 Garrett 
773 Garrison 
973 Garry 
167 Gary 
256 Gavin 
975 Genaro 
723 Gene 
382 Geoffrey 
110 George 
284 Gerald 
649 Gerard 
230 Gerardo 
658 German 
910 Giancarlo 
446 Gilbert 
425 Gilberto 
667 Gino 
287 Giovanni 
575 Glen 
410 Glenn 
729 Gonzalo 
552 Gordon 
742 Grady 
393 Graham 
151 Grant 
514 Grayson 
954 Greg 
785 Gregorio 
76 Gregory 
404 Griffin 
621 Guadalupe 
358 Guillermo 
555 Gunnar 
876 Gunner 
281 Gustavo 
738 Guy 
639 Hakeem 
925 Hans 
323 Harley 
439 Harold 
218 Harrison 
416 Harry 
843 Harvey 
707 Hassan 
176 Hayden 
529 Heath 
161 Hector 
146 Henry 
673 Herbert 
686 Heriberto 
763 Herman 
864 Hernan 
604 Holden 
632 Houston 
523 Howard 
815 Hugh 
418 Hugo 
537 Humberto 
67 Hunter 
74 Ian 
877 Ibrahim 
640 Ignacio 
752 Infant 
643 Irvin 
720 Irving 
103 Isaac 
169 Isaiah 
753 Isaias 
541 Isiah 
906 Isidro 
371 Ismael 
283 Israel 
589 Issac 
172 Ivan 
769 Jabari 
568 Jace 
127 Jack 
743 Jackie 
166 Jackson 
7 Jacob 
823 Jacoby 
952 Jacques 
760 Jade 
630 Jaden 
208 Jaime 
668 Jairo 
105 Jake 
431 Jakob 
653 Jaleel 
183 Jalen 
801 Jamaal 
240 Jamal 
569 Jamar 
735 Jamarcus 
598 Jamel 
14 James 
687 Jameson 
285 Jamie 
744 Jamil 
669 Jamison 
426 Jaquan 
63 Jared 
774 Jarod 
556 Jaron 
445 Jarred 
407 Jarrett 
474 Jarrod 
455 Jarvis 
46 Jason 
730 Jasper 
153 Javier 
450 Javon 
726 Javonte 
262 Jay 
852 Jayden 
544 Jaylen 
907 Jaylin 
761 Jaylon 
492 Jayson 
608 Jean 
716 Jeff 
693 Jefferson 
203 Jeffery 
55 Jeffrey 
989 Jerald 
158 Jeremiah 
47 Jeremy 
427 Jermaine 
338 Jerome 
920 Jerrell 
754 Jerrod 
193 Jerry 
885 Jess 
45 Jesse 
276 Jessie 
816 Jessy 
80 Jesus 
856 Jevon 
809 Jim 
674 Jimmie 
210 Jimmy 
609 Joaquin 
886 Jody 
243 Joe 
108 Joel 
414 Joey 
15 John 
134 Johnathan 
289 Johnathon 
710 Johnnie 
165 Johnny 
271 Jon 
245 Jonah 
711 Jonas 
990 Jonatan 
23 Jonathan 
154 Jonathon 
29 Jordan 
887 Jorden 
433 Jordon 
112 Jorge 
36 Jose 
794 Josef 
11 Joseph 
812 Josh 
4 Joshua 
298 Josiah 
266 Josue 
691 Jovan 
51 Juan 
140 Julian 
934 Julien 
220 Julio 
510 Julius 
786 Junior 
944 Justen 
466 Justice 
20 Justin 
844 Justus 
827 Justyn 
564 Juwan 
688 Kade 
828 Kadeem 
712 Kaden 
985 Kahlil 
714 Kai 
219 Kaleb 
415 Kameron 
628 Kane 
545 Kareem 
381 Karl 
559 Kasey 
755 Keanu 
481 Keaton 
384 Keegan 
394 Keenan 
903 Kegan 
126 Keith 
878 Kelby 
837 Kellen 
513 Kelly 
825 Kelsey 
914 Kelton 
331 Kelvin 
929 Kendal 
288 Kendall 
375 Kendrick 
921 Kennedy 
65 Kenneth 
387 Kenny 
599 Kent 
930 Kenton 
999 Kenyon 
684 Keon 
675 Kerry 
770 Keven 
26 Kevin 
879 Kevon 
721 Khalid 
530 Khalil 
853 Khari 
682 Kieran 
946 Kirby 
519 Kirk 
247 Kody 
713 Kolby 
939 Kole 
732 Kolton 
565 Korey 
506 Kory 
443 Kristian 
606 Kristofer 
211 Kristopher 
411 Kurt 
483 Kurtis 
24 Kyle 
406 Kyler 
664 Ladarius 
527 Lamar 
620 Lamont 
257 Lance 
249 Landon 
353 Lane 
196 Larry 
236 Lawrence 
926 Layne 
991 Lazaro 
297 Lee 
829 Leland 
462 Leo 
422 Leon 
369 Leonard 
376 Leonardo 
578 Leonel 
562 Leroy 
727 Leslie 
740 Lester 
157 Levi 
487 Lewis 
360 Liam 
775 Lincoln 
846 Lionel 
613 Lloyd 
70 Logan 
576 Lonnie 
701 Loren 
296 Lorenzo 
206 Louis 
95 Lucas 
58 Luis 
435 Lukas 
91 Luke 
992 Luther 
890 Lyle 
366 Mackenzie 
678 Madison 
633 Malachi 
277 Malcolm 
966 Male 
308 Malik 
143 Manuel 
213 Marc 
641 Marcel 
184 Marco 
253 Marcos 
75 Marcus 
142 Mario 
48 Mark 
838 Markel 
830 Markell 
508 Markus 
479 Marlon 
893 Marques 
832 Marquez 
282 Marquis 
447 Marquise 
312 Marshall 
135 Martin 
940 Marty 
280 Marvin 
125 Mason 
187 Mathew 
3 Matthew 
294 Maurice 
520 Mauricio 
976 Maverick 
191 Max 
521 Maximilian 
847 Maximillian 
182 Maxwell 
352 Melvin 
833 Menachem 
246 Micah 
1 Michael 
233 Micheal 
997 Mickey 
94 Miguel 
960 Mikal 
617 Mike 
869 Mikel 
286 Miles 
623 Milton 
839 Misael 
498 Mitchel 
71 Mitchell 
670 Mohamed 
584 Mohammad 
614 Mohammed 
401 Moises 
778 Montana 
272 Morgan 
977 Morris 
557 Moses 
717 Moshe 
865 Muhammad 
346 Myles 
762 Myron 
880 Najee 
40 Nathan 
500 Nathanael 
618 Nathanial 
78 Nathaniel 
612 Neal 
350 Neil 
344 Nelson 
631 Nestor 
9 Nicholas 
756 Nick 
967 Nicklaus 
263 Nickolas 
736 Nico 
164 Nicolas 
478 Nigel 
993 Nikko 
860 Niko 
451 Nikolas 
159 Noah 
485 Noe 
448 Noel 
259 Nolan 
572 Norman 
783 Octavio 
370 Oliver 
145 Omar 
894 Orion 
362 Orlando 
123 Oscar 
551 Osvaldo 
941 Otis 
454 Owen 
327 Pablo 
705 Paris 
238 Parker 
42 Patrick 
64 Paul 
503 Payton 
190 Pedro 
536 Perry 
968 Pete 
87 Peter 
546 Peyton 
168 Philip 
131 Phillip 
697 Pierce 
737 Pierre 
192 Preston 
343 Quentin 
471 Quincy 
392 Quinn 
789 Quinten 
597 Quintin 
310 Quinton 
202 Rafael 
517 Raheem 
489 Ralph 
457 Ramiro 
269 Ramon 
947 Randal 
267 Randall 
911 Randolph 
186 Randy 
651 Raphael 
429 Rashad 
718 Rashawn 
840 Rasheed 
199 Raul 
405 Ray 
115 Raymond 
676 Raymundo 
657 Reece 
444 Reed 
779 Reese 
295 Reginald 
430 Reid 
870 Remington 
334 Rene 
677 Reuben 
824 Rex 
607 Reynaldo 
771 Rhett 
119 Ricardo 
41 Richard 
637 Rick 
654 Rickey 
205 Ricky 
800 Rico 
626 Rigoberto 
194 Riley 
927 River 
21 Robert 
162 Roberto 
685 Robin 
804 Rocky 
486 Roderick 
244 Rodney 
388 Rodolfo 
935 Rodrick 
491 Rodrigo 
458 Rogelio 
264 Roger 
571 Roland 
463 Rolando 
377 Roman 
137 Ronald 
361 Ronnie 
698 Rory 
311 Ross 
307 Roy 
749 Royce 
181 Ruben 
441 Rudy 
234 Russell 
858 Rusty 
16 Ryan 
949 Ryder 
897 Ryne 
739 Sage 
300 Salvador 
573 Salvatore 
412 Sam 
978 Samir 
702 Sammy 
964 Samson 
33 Samuel 
511 Santiago 
724 Santos 
389 Saul 
795 Savon 
469 Sawyer 
979 Schuyler 
79 Scott 
44 Sean 
223 Sebastian 
160 Sergio 
90 Seth 
92 Shane 
504 Shannon 
661 Shaquan 
235 Shaquille 
324 Shaun 
86 Shawn 
969 Shay 
570 Shayne 
748 Shea 
538 Shelby 
437 Sheldon 
945 Shelton 
895 Sherman 
817 Shyheim 
509 Sidney 
871 Silas 
356 Simon 
398 Skylar 
214 Skyler 
595 Solomon 
861 Sonny 
97 Spencer 
986 Spenser 
385 Stanley 
396 Stefan 
460 Stephan 
49 Stephen 
532 Stephon 
402 Sterling 
818 Stetson 
345 Steve 
34 Steven 
734 Stewart 
898 Storm 
464 Stuart 
961 Syed 
962 Sylvester 
881 Talon 
96 Tanner 
948 Tariq 
644 Tate 
931 Tavon 
810 Tayler 
54 Taylor 
834 Ted 
553 Terence 
275 Terrance 
336 Terrell 
321 Terrence 
241 Terry 
207 Tevin 
690 Thaddeus 
292 Theodore 
27 Thomas 
39 Timothy 
908 Titus 
780 Tobias 
590 Toby 
252 Todd 
470 Tomas 
316 Tommy 
189 Tony 
813 Tory 
806 Trace 
627 Tracy 
915 Trae 
53 Travis 
587 Travon 
859 Trayvon 
490 Tre 
268 Trent 
224 Trenton 
659 Trever 
363 Trevon 
57 Trevor 
212 Trey 
452 Tristan 
122 Troy 
351 Tucker 
899 Turner 
319 Ty 
5 Tyler 
423 Tylor 
857 Tyquan 
542 Tyree 
449 Tyrell 
942 Tyrin 
819 Tyron 
313 Tyrone 
955 Tyshawn 
501 Tyson 
706 Ulises 
936 Ulysses 
835 Unknown 
560 Uriel 
872 Valentin 
781 Vance 
719 Vaughn 
635 Vernon 
524 Vicente 
93 Victor 
100 Vincent 
413 Wade 
534 Walker 
251 Walter 
386 Warren 
970 Waylon 
333 Wayne 
873 Wendell 
118 Wesley 
971 Westley 
364 Weston 
956 Wilfredo 
660 Will 
19 William 
291 Willie 
533 Wilson 
665 Winston 
197 Wyatt 
139 Xavier 
320 Zachariah 
12 Zachary 
180 Zachery 
232 Zackary 
306 Zackery 
741 Zakary 
325 Zane 
689 Zechariah 
