1990
34 Aaron 
934 Abdul 
384 Abel 
246 Abraham 
920 Abram 
32 Adam 
548 Adan 
645 Addison 
649 Adolfo 
94 Adrian 
627 Agustin 
562 Ahmad 
721 Ahmed 
889 Aidan 
405 Akeem 
125 Alan 
167 Albert 
225 Alberto 
949 Alden 
792 Aldo 
271 Alec 
126 Alejandro 
59 Alex 
28 Alexander 
950 Alexandre 
837 Alexandro 
334 Alexis 
423 Alfonso 
364 Alfred 
272 Alfredo 
474 Ali 
382 Allan 
141 Allen 
805 Alonso 
476 Alonzo 
806 Alphonso 
704 Alton 
576 Alvaro 
331 Alvin 
608 Amir 
739 Amos 
881 Anderson 
137 Andre 
897 Andreas 
203 Andres 
7 Andrew 
275 Andy 
133 Angel 
335 Angelo 
15 Anthony 
937 Antione 
361 Antoine 
603 Anton 
77 Antonio 
832 Antony 
534 Antwan 
668 Antwon 
862 Ari 
693 Aric 
482 Ariel 
229 Armando 
559 Arnold 
600 Aron 
673 Arron 
742 Arsenio 
196 Arthur 
259 Arturo 
799 Asa 
656 Ashley 
365 Ashton 
711 Aubrey 
846 August 
705 Austen 
55 Austin 
492 Avery 
898 Axel 
610 Baby 
696 Barrett 
348 Barry 
337 Beau 
514 Ben 
795 Benito 
33 Benjamin 
674 Bennett 
872 Bennie 
714 Benny 
430 Bernard 
764 Bernardo 
992 Bill 
214 Billy 
400 Blaine 
580 Blair 
91 Blake 
602 Bo 
185 Bobby 
362 Brad 
485 Braden 
579 Bradford 
65 Bradley 
635 Bradly 
315 Brady 
746 Brandan 
300 Branden 
19 Brandon 
807 Brandyn 
775 Brant 
715 Braxton 
155 Brendan 
518 Brenden 
451 Brendon 
383 Brennan 
899 Brennen 
127 Brent 
469 Brenton 
418 Bret 
84 Brett 
27 Brian 
529 Brice 
996 Brittany 
938 Britton 
257 Brock 
890 Broderick 
796 Brody 
687 Bronson 
681 Brooks 
240 Bruce 
993 Bruno 
57 Bryan 
204 Bryant 
169 Bryce 
708 Bryon 
550 Bryson 
265 Byron 
885 Cade 
921 Cale 
88 Caleb 
173 Calvin 
955 Camden 
62 Cameron 
762 Camron 
858 Carey 
145 Carl 
838 Carlo 
75 Carlos 
425 Carlton 
456 Carson 
551 Carter 
817 Cary 
89 Casey 
922 Cassidy 
664 Cecil 
377 Cedric 
828 Cedrick 
199 Cesar 
85 Chad 
594 Chadwick 
893 Chaim 
316 Chance 
486 Chandler 
951 Channing 
38 Charles 
422 Charlie 
110 Chase 
952 Chauncey 
448 Chaz 
676 Chester 
449 Chris 
60 Christian 
2 Christopher 
373 Clarence 
537 Clark 
833 Claude 
444 Clay 
153 Clayton 
346 Clifford 
473 Clifton 
375 Clint 
201 Clinton 
638 Clyde 
986 Coby 
800 Codey 
930 Codie 
31 Cody 
244 Colby 
248 Cole 
787 Coleman 
122 Colin 
239 Collin 
768 Colt 
619 Colten 
139 Colton 
628 Conner 
221 Connor 
459 Conor 
621 Conrad 
706 Cooper 
426 Corbin 
749 Cordell 
56 Corey 
487 Cornelius 
962 Cornell 
533 Cortez 
931 Cortney 
67 Cory 
447 Coty 
356 Courtney 
116 Craig 
417 Cristian 
923 Cristobal 
743 Cristopher 
717 Cruz 
788 Cullen 
120 Curtis 
829 Cyrus 
194 Dakota 
285 Dale 
391 Dallas 
193 Dalton 
322 Damian 
332 Damien 
675 Damion 
321 Damon 
660 Dan 
532 Dana 
747 Dandre 
336 Dane 
839 Dangelo 
5 Daniel 
162 Danny 
366 Dante 
709 Daquan 
886 Daren 
631 Darian 
841 Darien 
530 Darin 
783 Dario 
859 Darion 
152 Darius 
353 Darnell 
849 Daron 
772 Darrel 
245 Darrell 
200 Darren 
818 Darrick 
509 Darrin 
569 Darrius 
255 Darryl 
910 Darwin 
440 Daryl 
731 Dashawn 
924 Dave 
6 David 
969 Davin 
597 Davis 
479 Davon 
876 Dayton 
286 Dean 
276 Deandre 
454 Deangelo 
790 Dejuan 
801 Demarco 
442 Demarcus 
667 Demario 
290 Demetrius 
129 Dennis 
445 Denzel 
549 Deon 
979 Deontae 
615 Deonte 
778 Dereck 
54 Derek 
412 Derick 
732 Derik 
863 Deron 
956 Derrek 
900 Derrell 
106 Derrick 
481 Deshawn 
287 Desmond 
493 Devan 
730 Deven 
98 Devin 
151 Devon 
647 Dewayne 
376 Dexter 
308 Diego 
184 Dillon 
526 Dion 
970 Dionte 
823 Domingo 
189 Dominic 
393 Dominick 
207 Dominique 
723 Dominque 
553 Don 
87 Donald 
803 Donavan 
652 Donnell 
545 Donnie 
980 Donny 
299 Donovan 
903 Donta 
735 Dontae 
424 Donte 
520 Dorian 
103 Douglas 
538 Drake 
160 Drew 
521 Duane 
737 Duncan 
50 Dustin 
643 Dusty 
307 Dwayne 
446 Dwight 
83 Dylan 
403 Earl 
850 Earnest 
232 Eddie 
925 Eddy 
143 Edgar 
779 Edgardo 
819 Edmund 
149 Eduardo 
68 Edward 
987 Edwardo 
170 Edwin 
539 Efrain 
773 Efren 
363 Eli 
360 Elias 
997 Eliezer 
243 Elijah 
963 Eliseo 
957 Elisha 
369 Elliot 
358 Elliott 
758 Ellis 
698 Elmer 
964 Elton 
935 Elvin 
718 Elvis 
372 Emanuel 
906 Emerson 
438 Emilio 
218 Emmanuel 
965 Emmett 
263 Enrique 
24 Eric 
719 Erich 
223 Erick 
96 Erik 
654 Erin 
283 Ernest 
310 Ernesto 
840 Ervin 
414 Esteban 
720 Estevan 
58 Ethan 
312 Eugene 
71 Evan 
556 Everett 
625 Ezekiel 
765 Ezequiel 
763 Ezra 
325 Fabian 
945 Federico 
427 Felipe 
368 Felix 
179 Fernando 
804 Fidel 
641 Floyd 
420 Forrest 
834 Francesco 
284 Francis 
115 Francisco 
109 Frank 
494 Frankie 
298 Franklin 
498 Fred 
574 Freddie 
542 Freddy 
252 Frederick 
468 Fredrick 
100 Gabriel 
359 Gage 
766 Galen 
912 Garett 
506 Garret 
99 Garrett 
636 Garrick 
958 Garrison 
769 Garry 
114 Gary 
294 Gavin 
994 Genaro 
618 Gene 
249 Geoffrey 
79 George 
211 Gerald 
527 Gerard 
254 Gerardo 
616 German 
911 Giancarlo 
341 Gilbert 
431 Gilberto 
789 Gino 
329 Giovanni 
464 Glen 
296 Glenn 
770 Gonzalo 
471 Gordon 
774 Grady 
397 Graham 
183 Grant 
669 Grayson 
712 Greg 
914 Gregg 
864 Greggory 
808 Gregorio 
51 Gregory 
601 Griffin 
611 Guadalupe 
396 Guillermo 
343 Gustavo 
565 Guy 
612 Hakeem 
745 Hans 
590 Harley 
324 Harold 
279 Harrison 
370 Harry 
707 Harvey 
733 Hassan 
378 Hayden 
461 Heath 
156 Hector 
138 Henry 
531 Herbert 
682 Heriberto 
637 Herman 
939 Hernan 
756 Holden 
728 Houston 
404 Howard 
736 Hugh 
415 Hugo 
512 Humberto 
219 Hunter 
70 Ian 
877 Ibrahim 
599 Ignacio 
389 Infant 
835 Ira 
613 Irvin 
685 Irving 
132 Isaac 
206 Isaiah 
811 Isaias 
433 Isiah 
913 Isidro 
413 Ismael 
317 Israel 
606 Issac 
178 Ivan 
907 Jabari 
552 Jace 
166 Jack 
629 Jackie 
319 Jackson 
20 Jacob 
908 Jacoby 
797 Jacques 
830 Jade 
215 Jaime 
677 Jairo 
140 Jake 
578 Jakob 
670 Jamaal 
247 Jamal 
421 Jamar 
812 Jamarcus 
519 Jamel 
8 James 
661 Jameson 
227 Jamie 
744 Jamil 
662 Jamison 
915 Jan 
755 Jaquan 
63 Jared 
634 Jarod 
496 Jaron 
411 Jarred 
981 Jarrell 
882 Jarret 
380 Jarrett 
318 Jarrod 
435 Jarvis 
47 Jason 
614 Jasper 
157 Javier 
535 Javon 
217 Jay 
499 Jayson 
522 Jean 
971 Jedidiah 
644 Jeff 
710 Jefferson 
136 Jeffery 
43 Jeffrey 
946 Jeffry 
851 Jerad 
809 Jerald 
926 Jered 
860 Jerel 
982 Jeremey 
154 Jeremiah 
40 Jeremy 
306 Jermaine 
780 Jerod 
264 Jerome 
983 Jeromy 
691 Jerrell 
568 Jerrod 
147 Jerry 
694 Jess 
48 Jesse 
865 Jessica 
231 Jessie 
760 Jessy 
90 Jesus 
688 Jim 
554 Jimmie 
171 Jimmy 
598 Joaquin 
699 Jody 
212 Joe 
95 Joel 
352 Joey 
12 John 
108 Johnathan 
251 Johnathon 
561 Johnnie 
130 Johnny 
216 Jon 
653 Jonah 
776 Jonas 
17 Jonathan 
124 Jonathon 
29 Jordan 
866 Jorden 
349 Jordon 
117 Jorge 
998 Jory 
41 Jose 
786 Josef 
10 Joseph 
700 Josh 
4 Joshua 
354 Josiah 
292 Josue 
622 Jovan 
61 Juan 
123 Julian 
953 Julien 
195 Julio 
402 Julius 
831 Junior 
726 Justen 
9 Justin 
972 Justine 
540 Kadeem 
928 Kai 
305 Kaleb 
940 Kalvin 
462 Kameron 
575 Kareem 
295 Karl 
457 Kasey 
592 Keaton 
500 Keegan 
392 Keenan 
988 Keenen 
916 Kegan 
80 Keith 
932 Kelby 
658 Kellen 
351 Kelly 
729 Kelsey 
288 Kelvin 
857 Ken 
887 Kendal 
289 Kendall 
909 Kendell 
339 Kendrick 
52 Kenneth 
432 Kenny 
488 Kent 
867 Kenton 
820 Keon 
483 Kerry 
984 Keven 
23 Kevin 
878 Kevon 
852 Khalil 
648 Khiry 
854 Kiefer 
784 Kirby 
347 Kirk 
304 Kody 
821 Kolby 
436 Korey 
386 Kory 
973 Kraig 
570 Kristian 
543 Kristofer 
989 Kristoffer 
165 Kristopher 
274 Kurt 
410 Kurtis 
582 Kwame 
18 Kyle 
623 Kyler 
750 Ladarius 
350 Lamar 
571 Lamont 
181 Lance 
326 Landon 
558 Lane 
824 Laquan 
868 Laron 
144 Larry 
936 Laurence 
174 Lawrence 
990 Lazaro 
213 Lee 
609 Leland 
477 Leo 
390 Leon 
291 Leonard 
416 Leonardo 
617 Leonel 
443 Leroy 
585 Leslie 
632 Lester 
182 Levi 
399 Lewis 
605 Liam 
855 Lincoln 
665 Lionel 
490 Lloyd 
104 Logan 
508 Lonnie 
630 Loren 
309 Lorenzo 
844 Louie 
168 Louis 
112 Lucas 
66 Luis 
528 Lukas 
118 Luke 
767 Luther 
633 Lyle 
524 Mackenzie 
847 Madison 
959 Malachi 
241 Malcolm 
873 Malcom 
701 Male 
557 Malik 
134 Manuel 
163 Marc 
560 Marcel 
974 Marcelo 
226 Marco 
273 Marcos 
72 Marcus 
119 Mario 
883 Marion 
46 Mark 
501 Markus 
966 Marlin 
458 Marlon 
813 Marques 
874 Marquez 
258 Marquis 
555 Marquise 
280 Marshall 
975 Martell 
785 Martez 
113 Martin 
781 Marty 
237 Marvin 
208 Mason 
148 Mathew 
3 Matthew 
205 Maurice 
547 Mauricio 
172 Max 
684 Maximilian 
188 Maxwell 
278 Melvin 
238 Micah 
1 Michael 
175 Micheal 
894 Michel 
836 Mickey 
101 Miguel 
507 Mike 
757 Mikel 
967 Mikhail 
269 Miles 
566 Milton 
999 Misael 
572 Mitchel 
93 Mitchell 
740 Mohamed 
604 Mohammad 
678 Mohammed 
467 Moises 
901 Monte 
277 Morgan 
761 Morris 
588 Moses 
702 Moshe 
825 Mychal 
869 Mykel 
428 Myles 
679 Myron 
941 Najee 
44 Nathan 
523 Nathanael 
650 Nathanial 
86 Nathaniel 
460 Neal 
261 Neil 
281 Nelson 
626 Nestor 
14 Nicholas 
671 Nick 
268 Nickolas 
620 Nico 
187 Nicolas 
573 Nigel 
904 Nikko 
777 Niko 
472 Nikolas 
228 Noah 
541 Noe 
394 Noel 
302 Nolan 
470 Norman 
695 Octavio 
371 Oliver 
159 Omar 
314 Orlando 
135 Oscar 
639 Osvaldo 
697 Otis 
453 Owen 
357 Pablo 
659 Paris 
342 Parker 
36 Patrick 
49 Paul 
895 Payton 
197 Pedro 
455 Perry 
782 Pete 
74 Peter 
947 Peyton 
111 Philip 
81 Phillip 
891 Pierce 
495 Pierre 
198 Preston 
917 Prince 
338 Quentin 
502 Quincy 
517 Quinn 
861 Quinten 
504 Quintin 
297 Quinton 
202 Rafael 
771 Raheem 
942 Rakeem 
385 Ralph 
478 Ramiro 
250 Ramon 
722 Randal 
192 Randall 
672 Randolph 
131 Randy 
465 Raphael 
918 Rashaad 
355 Rashad 
724 Rashawn 
933 Rasheed 
210 Raul 
328 Ray 
92 Raymond 
826 Raymundo 
791 Reece 
655 Reed 
896 Reese 
943 Reggie 
230 Reginald 
544 Reid 
927 Remington 
303 Rene 
583 Reuben 
663 Rex 
536 Reynaldo 
842 Rhett 
121 Ricardo 
35 Richard 
510 Rick 
503 Rickey 
176 Ricky 
584 Rico 
640 Rigoberto 
311 Riley 
751 Robbie 
13 Robert 
150 Roberto 
595 Robin 
870 Rocco 
657 Rocky 
387 Roderick 
180 Rodney 
401 Rodolfo 
827 Rodrick 
511 Rodrigo 
439 Rogelio 
209 Roger 
505 Roland 
497 Rolando 
374 Roman 
738 Ron 
97 Ronald 
262 Ronnie 
976 Ronny 
856 Roosevelt 
513 Rory 
190 Ross 
236 Roy 
703 Royce 
177 Ruben 
848 Rudolph 
388 Rudy 
142 Russell 
607 Rusty 
11 Ryan 
624 Ryne 
293 Salvador 
567 Salvatore 
395 Sam 
948 Samir 
586 Sammy 
919 Samson 
45 Samuel 
563 Santiago 
748 Santos 
409 Saul 
53 Scott 
727 Scotty 
37 Sean 
320 Sebastian 
161 Sergio 
102 Seth 
73 Shane 
429 Shannon 
224 Shaun 
69 Shawn 
960 Shay 
484 Shayne 
683 Shea 
525 Shelby 
441 Sheldon 
814 Shelton 
793 Sherman 
515 Sidney 
968 Silas 
379 Simon 
466 Skylar 
301 Skyler 
689 Solomon 
651 Sonny 
105 Spencer 
686 Spenser 
875 Stacey 
822 Stacy 
313 Stanley 
367 Stefan 
406 Stephan 
39 Stephen 
591 Stephon 
463 Sterling 
267 Steve 
25 Steven 
802 Stevie 
593 Stewart 
344 Stuart 
713 Sylvester 
929 Talon 
220 Tanner 
1000 Tate 
985 Tavon 
64 Taylor 
642 Ted 
794 Teddy 
452 Terence 
235 Terrance 
282 Terrell 
256 Terrence 
164 Terry 
381 Tevin 
581 Thaddeus 
233 Theodore 
26 Thomas 
871 Timmy 
30 Timothy 
879 Titus 
725 Tobias 
577 Toby 
158 Todd 
692 Tom 
491 Tomas 
892 Tommie 
270 Tommy 
146 Tony 
991 Torey 
977 Torrey 
666 Tory 
978 Trace 
516 Tracy 
42 Travis 
853 Travon 
954 Tremaine 
253 Trent 
266 Trenton 
752 Trever 
843 Trevon 
76 Trevor 
345 Trey 
330 Tristan 
128 Troy 
475 Tucker 
437 Ty 
21 Tyler 
546 Tylor 
564 Tyree 
961 Tyrel 
450 Tyrell 
716 Tyron 
260 Tyrone 
407 Tyson 
798 Ulises 
753 Ulysses 
741 Unknown 
690 Uriel 
902 Valentin 
880 Van 
646 Vance 
754 Vaughn 
489 Vernon 
587 Vicente 
82 Victor 
888 Vince 
78 Vincent 
810 Virgil 
323 Wade 
845 Walker 
905 Wallace 
191 Walter 
340 Warren 
995 Waylon 
242 Wayne 
680 Wendell 
107 Wesley 
734 Westley 
398 Weston 
944 Wilbert 
759 Wilfredo 
589 Will 
16 William 
222 Willie 
815 Willis 
480 Wilson 
596 Winston 
408 Wyatt 
186 Xavier 
327 Zachariah 
22 Zachary 
234 Zachery 
333 Zackary 
419 Zackery 
884 Zakary 
434 Zane 
816 Zechariah 
