2008
343 Aaden 
921 Aarav 
50 Aaron 
984 Abdiel 
953 Abdullah 
360 Abel 
187 Abraham 
548 Abram 
714 Ace 
72 Adam 
299 Adan 
820 Addison 
254 Aden 
702 Aditya 
731 Adolfo 
854 Adonis 
56 Adrian 
584 Adriel 
727 Adrien 
821 Aedan 
740 Agustin 
559 Ahmad 
576 Ahmed 
59 Aidan 
16 Aiden 
699 Aidyn 
135 Alan 
372 Albert 
338 Alberto 
916 Alden 
569 Aldo 
390 Alec 
105 Alejandro 
624 Alessandro 
85 Alex 
6 Alexander 
169 Alexis 
674 Alexzander 
585 Alfonso 
787 Alfred 
388 Alfredo 
398 Ali 
469 Alijah 
552 Allan 
294 Allen 
660 Alonso 
542 Alonzo 
639 Alvaro 
437 Alvin 
677 Amare 
344 Amari 
297 Amir 
326 Anderson 
220 Andre 
969 Andreas 
158 Andres 
12 Andrew 
211 Andy 
36 Angel 
284 Angelo 
7 Anthony 
693 Antoine 
832 Anton 
102 Antonio 
895 Antony 
879 Antwan 
532 Ari 
570 Ariel 
755 Arjun 
293 Armando 
583 Armani 
974 Arnav 
600 Aron 
363 Arthur 
352 Arturo 
669 Aryan 
633 Asa 
206 Asher 
121 Ashton 
689 Atticus 
482 August 
795 Augustus 
55 Austin 
216 Avery 
272 Axel 
908 Ayaan 
567 Aydan 
91 Ayden 
627 Aydin 
790 Bailey 
991 Baron 
609 Barrett 
397 Beau 
480 Beckett 
893 Beckham 
611 Ben 
25 Benjamin 
361 Bennett 
937 Bentley 
940 Bernard 
564 Billy 
614 Blaine 
90 Blake 
866 Blaze 
840 Bo 
525 Bobby 
563 Boston 
156 Braden 
201 Bradley 
94 Brady 
612 Bradyn 
346 Braeden 
822 Braedon 
494 Braiden 
586 Branden 
33 Brandon 
873 Branson 
202 Braxton 
333 Brayan 
51 Brayden 
325 Braydon 
572 Braylen 
252 Braylon 
207 Brendan 
353 Brenden 
578 Brendon 
263 Brennan 
651 Brennen 
558 Brent 
975 Brenton 
311 Brett 
87 Brian 
710 Brice 
978 Bridger 
277 Brock 
899 Broderick 
421 Brodie 
70 Brody 
833 Brogan 
987 Bronson 
601 Brooks 
476 Bruce 
801 Bruno 
82 Bryan 
404 Bryant 
116 Bryce 
483 Brycen 
178 Bryson 
451 Byron 
310 Cade 
95 Caden 
834 Cael 
250 Caiden 
623 Cale 
34 Caleb 
976 Callum 
228 Calvin 
204 Camden 
53 Cameron 
675 Camren 
445 Camron 
900 Camryn 
631 Cannon 
490 Carl 
992 Carlo 
73 Carlos 
941 Carmelo 
993 Carsen 
89 Carson 
65 Carter 
956 Case 
336 Casey 
253 Cash 
571 Cason 
945 Cassius 
173 Cayden 
650 Cedric 
165 Cesar 
655 Chace 
454 Chad 
858 Chaim 
255 Chance 
457 Chandler 
63 Charles 
307 Charlie 
67 Chase 
959 Chaz 
348 Chris 
23 Christian 
9 Christopher 
938 Clarence 
698 Clark 
849 Clay 
233 Clayton 
856 Clinton 
835 Coby 
122 Cody 
356 Cohen 
273 Colby 
84 Cole 
741 Coleman 
114 Colin 
143 Collin 
533 Colt 
408 Colten 
98 Colton 
163 Conner 
57 Connor 
517 Conor 
758 Conrad 
92 Cooper 
262 Corbin 
784 Cordell 
289 Corey 
988 Cornelius 
990 Cortez 
459 Cory 
588 Craig 
150 Cristian 
829 Cristofer 
492 Cristopher 
367 Cruz 
781 Cullen 
380 Curtis 
512 Cyrus 
226 Dakota 
839 Dale 
334 Dallas 
218 Dalton 
997 Damari 
725 Damarion 
133 Damian 
189 Damien 
597 Damion 
472 Damon 
350 Dane 
970 Dangelo 
5 Daniel 
330 Danny 
291 Dante 
602 Darian 
843 Darien 
850 Dario 
890 Darion 
318 Darius 
730 Darnell 
634 Darrell 
385 Darren 
754 Darryl 
788 Darwin 
810 Dashawn 
690 Davian 
14 David 
594 Davin 
440 Davion 
410 Davis 
712 Davon 
269 Dawson 
766 Dax 
484 Dayton 
642 Deacon 
345 Dean 
460 Deandre 
739 Deangelo 
347 Declan 
980 Deegan 
708 Demarcus 
905 Demarion 
520 Demetrius 
370 Dennis 
942 Denzel 
830 Deon 
159 Derek 
882 Dereon 
733 Derick 
286 Derrick 
595 Deshawn 
413 Desmond 
746 Devan 
683 Deven 
109 Devin 
243 Devon 
847 Devyn 
715 Dexter 
68 Diego 
875 Dillan 
264 Dillon 
93 Dominic 
240 Dominick 
577 Dominik 
763 Dominique 
331 Donald 
964 Donavan 
214 Donovan 
782 Donte 
442 Dorian 
424 Douglas 
230 Drake 
670 Draven 
244 Drew 
717 Duncan 
303 Dustin 
687 Dwayne 
31 Dylan 
869 Ean 
302 Easton 
438 Eddie 
896 Eden 
193 Edgar 
141 Eduardo 
148 Edward 
175 Edwin 
753 Efrain 
100 Eli 
817 Elian 
157 Elias 
986 Eliezer 
22 Elijah 
636 Elisha 
332 Elliot 
386 Elliott 
798 Ellis 
713 Elvis 
260 Emanuel 
474 Emerson 
744 Emery 
315 Emiliano 
281 Emilio 
146 Emmanuel 
547 Emmett 
279 Enrique 
606 Enzo 
86 Eric 
179 Erick 
213 Erik 
789 Ernest 
412 Ernesto 
366 Esteban 
3 Ethan 
909 Ethen 
691 Eugene 
38 Evan 
383 Everett 
241 Ezekiel 
519 Ezequiel 
292 Ezra 
288 Fabian 
535 Felipe 
354 Felix 
164 Fernando 
818 Finley 
368 Finn 
647 Finnegan 
885 Fisher 
994 Fletcher 
656 Francis 
172 Francisco 
826 Franco 
278 Frank 
762 Frankie 
467 Franklin 
707 Freddy 
523 Frederick 
24 Gabriel 
296 Gael 
144 Gage 
791 Gaige 
160 Garrett 
426 Gary 
736 Gauge 
918 Gaven 
30 Gavin 
626 Gavyn 
153 George 
934 Geovanni 
603 Gerald 
290 Gerardo 
859 German 
635 Giancarlo 
543 Gianni 
534 Gideon 
728 Gilbert 
663 Gilberto 
613 Giovani 
140 Giovanni 
676 Giovanny 
864 Glenn 
946 Gordon 
283 Grady 
323 Graham 
142 Grant 
188 Grayson 
236 Gregory 
381 Greyson 
242 Griffin 
470 Guillermo 
540 Gunnar 
471 Gunner 
342 Gustavo 
773 Haiden 
760 Hamza 
592 Harley 
737 Harold 
860 Harper 
219 Harrison 
644 Harry 
792 Hassan 
76 Hayden 
716 Heath 
181 Hector 
78 Henry 
929 Hezekiah 
358 Holden 
880 Houston 
903 Howard 
176 Hudson 
998 Hugh 
389 Hugo 
805 Humberto 
54 Hunter 
80 Ian 
589 Ibrahim 
814 Ignacio 
904 Immanuel 
720 Irvin 
37 Isaac 
734 Isai 
42 Isaiah 
496 Isaias 
851 Ishaan 
446 Isiah 
349 Ismael 
210 Israel 
377 Issac 
132 Ivan 
428 Izaiah 
995 Izayah 
771 Jabari 
180 Jace 
39 Jack 
32 Jackson 
1 Jacob 
423 Jacoby 
88 Jaden 
874 Jadiel 
473 Jadon 
823 Jadyn 
610 Jaeden 
954 Jagger 
168 Jaiden 
802 Jaidyn 
321 Jaime 
852 Jair 
556 Jairo 
112 Jake 
309 Jakob 
930 Jakobe 
317 Jalen 
568 Jamal 
718 Jamar 
793 Jamarcus 
391 Jamari 
485 Jamarion 
17 James 
382 Jameson 
671 Jamie 
767 Jamir 
526 Jamison 
961 Jan 
806 Jaquan 
197 Jared 
819 Jaron 
894 Jarrett 
643 Jase 
752 Jasiah 
60 Jason 
452 Jasper 
166 Javier 
573 Javion 
447 Javon 
692 Jax 
154 Jaxon 
268 Jaxson 
395 Jay 
384 Jayce 
886 Jaydan 
11 Jayden 
745 Jaydin 
434 Jaydon 
981 Jaylan 
184 Jaylen 
521 Jaylin 
598 Jaylon 
341 Jayson 
977 Jayvion 
950 Jayvon 
914 Jean 
599 Jefferson 
510 Jeffery 
198 Jeffrey 
999 Jensen 
876 Jeramiah 
69 Jeremiah 
129 Jeremy 
985 Jerimiah 
501 Jermaine 
616 Jerome 
320 Jerry 
110 Jesse 
541 Jessie 
79 Jesus 
529 Jett 
355 Jimmy 
275 Joaquin 
411 Joe 
113 Joel 
574 Joey 
450 Johan 
20 John 
200 Johnathan 
657 Johnathon 
246 Johnny 
527 Jon 
137 Jonah 
274 Jonas 
26 Jonathan 
453 Jonathon 
48 Jordan 
700 Jorden 
841 Jordon 
747 Jordyn 
138 Jorge 
41 Jose 
13 Joseph 
807 Josh 
4 Joshua 
96 Josiah 
182 Josue 
891 Jovan 
783 Jovani 
907 Jovanni 
855 Jovanny 
919 Jovany 
66 Juan 
394 Judah 
224 Jude 
61 Julian 
549 Julien 
285 Julio 
306 Julius 
637 Junior 
432 Justice 
45 Justin 
803 Justus 
414 Kade 
99 Kaden 
722 Kadin 
922 Kadyn 
661 Kaeden 
853 Kael 
229 Kai 
190 Kaiden 
500 Kale 
115 Kaleb 
539 Kamari 
662 Kamden 
270 Kameron 
927 Kamren 
759 Kamron 
439 Kane 
738 Kareem 
487 Karson 
665 Karter 
785 Kasen 
808 Kasey 
779 Kash 
596 Kason 
152 Kayden 
489 Keagan 
371 Keaton 
222 Keegan 
729 Keenan 
314 Keith 
444 Kellen 
925 Kelton 
456 Kelvin 
645 Kendall 
522 Kendrick 
136 Kenneth 
536 Kenny 
848 Kenyon 
776 Keon 
867 Keshawn 
40 Kevin 
965 Keyon 
491 Khalil 
607 Kian 
530 Kieran 
794 Killian 
711 King 
239 Kingston 
403 Kobe 
580 Kody 
877 Koen 
620 Kolby 
668 Kole 
996 Kolten 
478 Kolton 
824 Konner 
878 Konnor 
705 Korbin 
831 Krish 
504 Kristian 
425 Kristopher 
966 Kyan 
768 Kylan 
97 Kyle 
271 Kyler 
836 Kymani 
957 Kyson 
743 Lamar 
958 Lamont 
396 Lance 
199 Landen 
971 Landin 
44 Landon 
399 Landyn 
319 Lane 
375 Larry 
427 Lawrence 
703 Lawson 
619 Layne 
777 Layton 
910 Leandro 
673 Lee 
407 Leland 
982 Lennon 
227 Leo 
502 Leon 
621 Leonard 
170 Leonardo 
486 Leonel 
883 Leonidas 
917 Leroy 
117 Levi 
640 Lewis 
75 Liam 
212 Lincoln 
19 Logan 
550 London 
335 Lorenzo 
351 Louis 
304 Luca 
46 Lucas 
811 Lucian 
666 Luciano 
64 Luis 
774 Luka 
245 Lukas 
43 Luke 
939 Lyric 
615 Madden 
208 Maddox 
897 Makai 
960 Makhi 
162 Malachi 
629 Malakai 
901 Malaki 
546 Malcolm 
282 Malik 
186 Manuel 
455 Marc 
837 Marcel 
775 Marcelo 
223 Marco 
257 Marcos 
125 Marcus 
185 Mario 
139 Mark 
682 Markus 
764 Marley 
565 Marlon 
962 Marques 
581 Marquis 
915 Marquise 
392 Marshall 
221 Martin 
373 Marvin 
35 Mason 
251 Mateo 
374 Mathew 
748 Mathias 
812 Matias 
554 Matteo 
10 Matthew 
772 Matthias 
405 Maurice 
369 Mauricio 
511 Maverick 
126 Max 
701 Maxim 
300 Maximilian 
943 Maximillian 
770 Maximo 
258 Maximus 
134 Maxwell 
431 Mekhi 
479 Melvin 
688 Memphis 
704 Messiah 
123 Micah 
2 Michael 
475 Micheal 
101 Miguel 
756 Mike 
167 Miles 
449 Milo 
923 Milton 
672 Misael 
337 Mitchell 
505 Mohamed 
684 Mohammad 
648 Mohammed 
376 Moises 
416 Morgan 
495 Moses 
685 Moshe 
617 Muhammad 
266 Myles 
681 Nash 
448 Nasir 
21 Nathan 
514 Nathanael 
931 Nathanial 
77 Nathaniel 
861 Nathen 
364 Nehemiah 
709 Neil 
493 Nelson 
29 Nicholas 
888 Nick 
402 Nickolas 
667 Nico 
151 Nicolas 
815 Nigel 
870 Nikhil 
827 Niko 
902 Nikolai 
430 Nikolas 
15 Noah 
518 Noe 
468 Noel 
131 Nolan 
865 Octavio 
983 Odin 
118 Oliver 
145 Omar 
544 Omari 
538 Orion 
419 Orlando 
119 Oscar 
590 Osvaldo 
963 Oswaldo 
58 Owen 
328 Pablo 
103 Parker 
127 Patrick 
155 Paul 
422 Paxton 
276 Payton 
248 Pedro 
183 Peter 
130 Peyton 
378 Philip 
305 Phillip 
401 Phoenix 
507 Pierce 
989 Pierre 
481 Porter 
935 Pranav 
124 Preston 
749 Prince 
379 Quentin 
513 Quincy 
280 Quinn 
887 Quinten 
686 Quintin 
464 Quinton 
238 Rafael 
780 Raiden 
868 Ralph 
649 Ramiro 
417 Ramon 
695 Randall 
301 Randy 
630 Raphael 
646 Rashad 
287 Raul 
664 Ray 
871 Rayan 
215 Raymond 
972 Reagan 
415 Reece 
409 Reed 
462 Reese 
557 Reginald 
359 Reid 
951 Reilly 
721 Remington 
561 Rene 
947 Reuben 
799 Rex 
857 Rey 
944 Reynaldo 
678 Rhett 
679 Rhys 
149 Ricardo 
107 Richard 
365 Ricky 
862 Rigoberto 
106 Riley 
932 Rishi 
461 River 
49 Robert 
234 Roberto 
418 Rocco 
936 Roderick 
503 Rodney 
680 Rodolfo 
327 Rodrigo 
575 Rogelio 
463 Roger 
528 Rohan 
757 Roland 
604 Rolando 
205 Roman 
466 Romeo 
308 Ronald 
506 Ronan 
804 Ronin 
618 Ronnie 
786 Rory 
845 Ross 
340 Rowan 
497 Roy 
911 Royce 
259 Ruben 
632 Rudy 
406 Russell 
18 Ryan 
203 Ryder 
420 Ryker 
217 Rylan 
608 Ryland 
735 Rylee 
750 Sage 
435 Salvador 
892 Salvatore 
458 Sam 
842 Samir 
979 Sammy 
948 Samson 
28 Samuel 
171 Santiago 
652 Santino 
761 Santos 
329 Saul 
828 Savion 
225 Sawyer 
322 Scott 
751 Seamus 
83 Sean 
74 Sebastian 
696 Semaj 
209 Sergio 
128 Seth 
933 Shamar 
174 Shane 
436 Shaun 
195 Shawn 
952 Sheldon 
813 Sidney 
313 Silas 
967 Simeon 
261 Simon 
719 Sincere 
515 Skylar 
265 Skyler 
928 Slade 
429 Solomon 
863 Sonny 
723 Soren 
191 Spencer 
653 Stanley 
192 Stephen 
872 Sterling 
593 Steve 
104 Steven 
706 Sullivan 
726 Talan 
465 Talon 
161 Tanner 
433 Tate 
256 Taylor 
658 Teagan 
524 Terrance 
553 Terrell 
605 Terrence 
477 Terry 
955 Thaddeus 
295 Theodore 
52 Thomas 
108 Timothy 
443 Titus 
531 Tobias 
579 Toby 
769 Todd 
551 Tomas 
516 Tommy 
357 Tony 
508 Trace 
177 Travis 
312 Trent 
196 Trenton 
796 Trevin 
566 Trevon 
147 Trevor 
316 Trey 
926 Tripp 
81 Tristan 
339 Tristen 
732 Tristian 
555 Tristin 
498 Triston 
231 Troy 
968 Trystan 
237 Tucker 
973 Turner 
247 Ty 
27 Tyler 
724 Tyree 
778 Tyrell 
881 Tyrese 
654 Tyrone 
920 Tyshawn 
249 Tyson 
582 Ulises 
697 Uriah 
387 Uriel 
889 Urijah 
641 Valentin 
906 Valentino 
816 Van 
765 Vance 
846 Vaughn 
622 Vicente 
111 Victor 
120 Vincent 
591 Wade 
499 Walker 
393 Walter 
509 Warren 
545 Waylon 
694 Wayne 
194 Wesley 
324 Weston 
587 Will 
8 William 
562 Willie 
537 Wilson 
809 Winston 
62 Wyatt 
267 Xander 
71 Xavier 
628 Xzavier 
949 Yadiel 
912 Yael 
400 Yahir 
838 Yair 
560 Yandel 
913 Yosef 
1000 Yurem 
800 Yusuf 
441 Zachariah 
47 Zachary 
625 Zachery 
884 Zack 
362 Zackary 
638 Zackery 
924 Zaid 
898 Zaiden 
797 Zain 
844 Zaire 
298 Zander 
235 Zane 
742 Zavier 
488 Zayden 
825 Zayne 
659 Zechariah 
232 Zion 
