2006
57 Aaron 
888 Abdullah 
338 Abel 
183 Abraham 
586 Abram 
838 Ace 
64 Adam 
302 Adan 
562 Addison 
244 Aden 
810 Aditya 
581 Adolfo 
822 Adonis 
63 Adrian 
707 Adriel 
754 Adrien 
760 Aedan 
657 Agustin 
524 Ahmad 
559 Ahmed 
44 Aidan 
30 Aiden 
910 Aidyn 
122 Alan 
354 Albert 
315 Alberto 
811 Alden 
587 Aldo 
328 Alec 
96 Alejandro 
608 Alessandro 
67 Alex 
12 Alexander 
861 Alexandro 
130 Alexis 
615 Alexzander 
552 Alfonso 
755 Alfred 
334 Alfredo 
360 Ali 
584 Alijah 
507 Allan 
283 Allen 
643 Alonso 
558 Alonzo 
570 Alvaro 
513 Alvin 
778 Amare 
421 Amari 
324 Amir 
987 Anders 
399 Anderson 
207 Andre 
880 Andreas 
161 Andres 
8 Andrew 
204 Andy 
31 Angel 
262 Angelo 
9 Anthony 
631 Antoine 
725 Anton 
93 Antonio 
815 Antony 
828 Antwan 
634 Ari 
471 Ariel 
720 Arjun 
264 Armando 
698 Armani 
932 Arnav 
640 Aron 
377 Arthur 
323 Arturo 
684 Aryan 
623 Asa 
252 Asher 
121 Ashton 
767 Atticus 
618 August 
831 Augustus 
924 Austen 
41 Austin 
974 Austyn 
212 Avery 
295 Axel 
576 Aydan 
119 Ayden 
731 Aydin 
635 Bailey 
762 Barrett 
438 Beau 
758 Beckett 
555 Ben 
24 Benjamin 
369 Bennett 
962 Benny 
945 Bernard 
975 Bernardo 
473 Billy 
572 Blaine 
985 Blaise 
97 Blake 
868 Blaze 
771 Bo 
480 Bobby 
848 Bode 
626 Boston 
897 Brad 
141 Braden 
188 Bradley 
105 Brady 
675 Bradyn 
331 Braeden 
744 Braedon 
602 Braiden 
472 Branden 
27 Brandon 
862 Branson 
966 Braulio 
224 Braxton 
294 Brayan 
79 Brayden 
396 Braydon 
756 Braylen 
401 Braylon 
185 Brendan 
317 Brenden 
501 Brendon 
299 Brennan 
732 Brennen 
481 Brent 
942 Brenton 
304 Brett 
72 Brian 
695 Brice 
261 Brock 
884 Broderick 
442 Brodie 
147 Brody 
999 Brogan 
592 Brooks 
482 Bruce 
793 Bruno 
66 Bryan 
389 Bryant 
109 Bryce 
588 Brycen 
176 Bryson 
523 Byron 
288 Cade 
91 Caden 
917 Cael 
312 Caiden 
733 Cale 
34 Caleb 
220 Calvin 
221 Camden 
52 Cameron 
579 Camren 
345 Camron 
929 Camryn 
796 Cannon 
429 Carl 
937 Carlo 
70 Carlos 
870 Carmelo 
785 Carmine 
87 Carson 
75 Carter 
951 Case 
308 Casey 
378 Cash 
753 Cason 
213 Cayden 
595 Cedric 
168 Cesar 
375 Chad 
946 Chaim 
273 Chance 
402 Chandler 
60 Charles 
337 Charlie 
83 Chase 
905 Chaz 
358 Chris 
21 Christian 
7 Christopher 
818 Clarence 
696 Clark 
708 Clay 
226 Clayton 
844 Clinton 
832 Coby 
106 Cody 
963 Coen 
415 Cohen 
271 Colby 
84 Cole 
661 Coleman 
111 Colin 
181 Collin 
906 Colt 
510 Colten 
133 Colton 
144 Conner 
53 Connor 
496 Conor 
788 Conrad 
113 Cooper 
289 Corbin 
234 Corey 
939 Cornelius 
938 Cortez 
431 Cory 
548 Craig 
132 Cristian 
991 Cristobal 
804 Cristofer 
499 Cristopher 
500 Cruz 
790 Cullen 
339 Curtis 
515 Cyrus 
172 Dakota 
745 Dale 
352 Dallas 
199 Dalton 
646 Damarion 
136 Damian 
196 Damien 
497 Damion 
386 Damon 
992 Dandre 
393 Dane 
863 Dangelo 
6 Daniel 
307 Danny 
291 Dante 
590 Darian 
830 Darien 
875 Dario 
869 Darion 
280 Darius 
711 Darnell 
597 Darrell 
361 Darren 
930 Darrius 
773 Darryl 
772 Darwin 
690 Dashawn 
682 Davian 
13 David 
601 Davin 
478 Davion 
405 Davis 
603 Davon 
233 Dawson 
540 Dayton 
687 Deacon 
385 Dean 
452 Deandre 
794 Deangelo 
364 Declan 
735 Demarcus 
749 Demarion 
437 Demetrius 
313 Dennis 
940 Denzel 
849 Deon 
159 Derek 
736 Derick 
256 Derrick 
853 Deshaun 
518 Deshawn 
464 Desmond 
960 Destin 
582 Devan 
606 Deven 
100 Devin 
197 Devon 
841 Devonte 
748 Devyn 
913 Dexter 
56 Diego 
774 Dillan 
223 Dillon 
988 Dion 
964 Domenic 
85 Dominic 
216 Dominick 
612 Dominik 
763 Dominique 
303 Donald 
812 Donavan 
198 Donovan 
722 Donte 
469 Dorian 
365 Douglas 
239 Drake 
685 Draven 
205 Drew 
654 Duncan 
259 Dustin 
610 Dwayne 
26 Dylan 
775 Ean 
993 Earl 
359 Easton 
395 Eddie 
855 Eddy 
171 Edgar 
947 Edison 
126 Eduardo 
143 Edward 
158 Edwin 
663 Efrain 
968 Efren 
139 Eli 
186 Elias 
29 Elijah 
629 Elisha 
372 Elliot 
388 Elliott 
783 Ellis 
907 Elmer 
761 Elvis 
263 Emanuel 
539 Emerson 
332 Emiliano 
298 Emilio 
166 Emmanuel 
569 Emmett 
281 Enrique 
737 Enzo 
77 Eric 
174 Erick 
189 Erik 
723 Ernest 
379 Ernesto 
333 Esteban 
846 Estevan 
4 Ethan 
952 Ethen 
647 Eugene 
42 Evan 
451 Everett 
269 Ezekiel 
541 Ezequiel 
340 Ezra 
272 Fabian 
457 Felipe 
397 Felix 
151 Fernando 
886 Finley 
456 Finn 
779 Finnegan 
561 Francis 
157 Francisco 
918 Franco 
245 Frank 
648 Frankie 
439 Franklin 
641 Freddy 
483 Frederick 
903 Fredrick 
28 Gabriel 
314 Gael 
156 Gage 
919 Gaige 
889 Gannon 
750 Garret 
138 Garrett 
895 Garrison 
350 Gary 
881 Gauge 
948 Gaven 
38 Gavin 
710 Gavyn 
153 George 
544 Gerald 
268 Gerardo 
839 German 
716 Giancarlo 
611 Gianni 
591 Gideon 
658 Gilbert 
554 Gilberto 
791 Giovani 
146 Giovanni 
702 Giovanny 
850 Glenn 
925 Gonzalo 
900 Gordon 
475 Grady 
430 Graham 
155 Grant 
218 Grayson 
208 Gregory 
503 Greyson 
254 Griffin 
921 Guadalupe 
440 Guillermo 
502 Gunnar 
578 Gunner 
305 Gustavo 
989 Guy 
858 Haden 
872 Haiden 
738 Hamza 
522 Harley 
652 Harold 
953 Harper 
232 Harrison 
593 Harry 
765 Hassan 
73 Hayden 
786 Heath 
175 Hector 
95 Henry 
885 Hezekiah 
384 Holden 
837 Houston 
836 Howard 
249 Hudson 
994 Hugh 
371 Hugo 
697 Humberto 
54 Hunter 
81 Ian 
594 Ibrahim 
703 Ignacio 
969 Imanol 
670 Irvin 
48 Isaac 
706 Isai 
40 Isaiah 
531 Isaias 
406 Isiah 
327 Ismael 
203 Israel 
409 Issac 
127 Ivan 
461 Izaiah 
976 Izayah 
609 Jabari 
187 Jace 
35 Jack 
36 Jackson 
1 Jacob 
909 Jacoby 
88 Jaden 
398 Jadon 
757 Jadyn 
666 Jaeden 
977 Jaheim 
214 Jaiden 
279 Jaime 
726 Jair 
564 Jairo 
107 Jake 
293 Jakob 
228 Jalen 
504 Jamal 
649 Jamar 
914 Jamarcus 
444 Jamari 
459 Jamarion 
970 Jamel 
16 James 
424 Jameson 
583 Jamie 
768 Jamir 
534 Jamison 
751 Jan 
656 Jaquan 
137 Jared 
819 Jaron 
659 Jarrett 
1000 Jarvis 
565 Jase 
933 Jasiah 
55 Jason 
568 Jasper 
954 Javen 
162 Javier 
644 Javion 
410 Javon 
995 Jax 
211 Jaxon 
391 Jaxson 
351 Jay 
427 Jayce 
50 Jayden 
971 Jaydin 
416 Jaydon 
692 Jaylan 
191 Jaylen 
441 Jaylin 
479 Jaylon 
353 Jayson 
721 Jean 
642 Jefferson 
432 Jeffery 
180 Jeffrey 
926 Jeramiah 
71 Jeremiah 
123 Jeremy 
931 Jerimiah 
474 Jermaine 
577 Jerome 
318 Jerry 
102 Jesse 
485 Jessie 
74 Jesus 
535 Jett 
325 Jimmy 
978 Joan 
286 Joaquin 
370 Joe 
124 Joel 
537 Joey 
528 Johan 
20 John 
177 Johnathan 
542 Johnathon 
237 Johnny 
979 Johnpaul 
455 Jon 
170 Jonah 
357 Jonas 
22 Jonathan 
376 Jonathon 
46 Jordan 
759 Jorden 
739 Jordon 
677 Jordy 
780 Jordyn 
120 Jorge 
32 Jose 
972 Josef 
11 Joseph 
714 Josh 
3 Joshua 
117 Josiah 
193 Josue 
840 Jovan 
694 Jovani 
776 Jovanni 
805 Jovanny 
833 Jovany 
61 Juan 
493 Judah 
330 Jude 
65 Julian 
596 Julien 
240 Julio 
319 Julius 
627 Junior 
411 Justice 
45 Justin 
743 Justus 
435 Kade 
92 Kaden 
636 Kadin 
920 Kadyn 
746 Kaeden 
851 Kael 
238 Kai 
242 Kaiden 
766 Kale 
115 Kaleb 
664 Kamari 
795 Kamden 
284 Kameron 
980 Kamren 
668 Kamron 
701 Kane 
713 Kareem 
769 Karl 
556 Karson 
847 Karter 
898 Kasen 
671 Kasey 
752 Kason 
230 Kayden 
616 Keagan 
382 Keaton 
225 Keegan 
607 Keenan 
277 Keith 
526 Kellen 
434 Kelvin 
573 Kendall 
527 Kendrick 
128 Kenneth 
498 Kenny 
699 Kenyon 
770 Keon 
823 Keshawn 
908 Keven 
37 Kevin 
882 Keyon 
949 Keyshawn 
454 Khalil 
705 Kian 
566 Kieran 
896 King 
941 Kingston 
543 Kobe 
494 Kody 
859 Koen 
665 Kolby 
650 Kole 
632 Kolton 
876 Konner 
829 Konnor 
799 Korbin 
981 Korey 
625 Krish 
466 Kristian 
392 Kristopher 
899 Kyan 
740 Kylan 
80 Kyle 
265 Kyler 
672 Lamar 
982 Lamont 
321 Lance 
955 Landan 
201 Landen 
891 Landin 
49 Landon 
580 Landyn 
322 Lane 
381 Larry 
407 Lawrence 
673 Lawson 
691 Layne 
717 Layton 
864 Leandro 
613 Lee 
342 Leland 
236 Leo 
505 Leon 
614 Leonard 
184 Leonardo 
468 Leonel 
956 Leroy 
135 Levi 
678 Lewis 
98 Liam 
300 Lincoln 
19 Logan 
638 London 
301 Lorenzo 
326 Louis 
349 Luca 
59 Lucas 
824 Lucian 
704 Luciano 
62 Luis 
807 Luka 
241 Lukas 
43 Luke 
235 Maddox 
856 Makai 
150 Malachi 
727 Malakai 
803 Malaki 
545 Malcolm 
290 Malik 
164 Manuel 
408 Marc 
957 Marcel 
890 Marcelo 
206 Marco 
248 Marcos 
112 Marcus 
178 Mario 
129 Mark 
630 Markus 
508 Marlon 
802 Marques 
553 Marquis 
866 Marquise 
417 Marshall 
200 Martin 
346 Marvin 
39 Mason 
274 Mateo 
316 Mathew 
741 Mathias 
816 Matias 
619 Matteo 
5 Matthew 
813 Matthias 
400 Maurice 
368 Mauricio 
605 Maverick 
160 Max 
852 Maxim 
348 Maximilian 
922 Maximo 
374 Maximus 
149 Maxwell 
443 Mekhi 
425 Melvin 
923 Memphis 
798 Messiah 
148 Micah 
2 Michael 
419 Micheal 
89 Miguel 
680 Mike 
990 Mikel 
202 Miles 
679 Milo 
845 Milton 
620 Misael 
275 Mitchell 
467 Mohamed 
589 Mohammad 
633 Mohammed 
344 Moises 
366 Morgan 
445 Moses 
662 Moshe 
639 Muhammad 
311 Myles 
742 Nash 
418 Nasir 
23 Nathan 
462 Nathanael 
724 Nathanial 
69 Nathaniel 
806 Nathen 
362 Nehemiah 
604 Neil 
447 Nelson 
927 Nestor 
17 Nicholas 
820 Nick 
336 Nickolas 
667 Nico 
140 Nicolas 
709 Nigel 
874 Nikhil 
983 Niko 
383 Nikolas 
15 Noah 
450 Noe 
448 Noel 
145 Nolan 
669 Octavio 
173 Oliver 
131 Omar 
715 Omari 
728 Omarion 
529 Orion 
356 Orlando 
118 Oscar 
491 Osvaldo 
546 Oswaldo 
58 Owen 
292 Pablo 
116 Parker 
110 Patrick 
134 Paul 
777 Paxton 
267 Payton 
219 Pedro 
958 Perry 
167 Peter 
154 Peyton 
343 Philip 
285 Phillip 
423 Phoenix 
549 Pierce 
476 Porter 
892 Pranav 
114 Preston 
825 Prince 
347 Quentin 
489 Quincy 
282 Quinn 
860 Quinten 
651 Quintin 
477 Quinton 
217 Rafael 
764 Ralph 
567 Ramiro 
367 Ramon 
622 Randall 
310 Randy 
681 Raphael 
660 Rashad 
255 Raul 
560 Ray 
996 Rayan 
194 Raymond 
792 Reagan 
413 Reece 
470 Reed 
433 Reese 
516 Reginald 
422 Reid 
781 Remington 
492 Rene 
873 Reuben 
814 Rex 
854 Rey 
834 Reynaldo 
683 Rhett 
915 Rhys 
152 Ricardo 
99 Richard 
394 Ricky 
789 Rigoberto 
101 Riley 
511 River 
47 Robert 
215 Roberto 
490 Rocco 
973 Rocky 
730 Roderick 
449 Rodney 
519 Rodolfo 
363 Rodrigo 
517 Rogelio 
453 Roger 
521 Rohan 
787 Roland 
571 Rolando 
209 Roman 
574 Romeo 
251 Ronald 
782 Ronaldo 
598 Ronan 
997 Ronin 
563 Ronnie 
826 Rory 
747 Ross 
426 Rowan 
458 Roy 
901 Royce 
227 Ruben 
628 Rudy 
404 Russell 
14 Ryan 
257 Ryder 
624 Ryker 
258 Rylan 
686 Ryland 
797 Rylee 
689 Sage 
390 Salvador 
817 Salvatore 
463 Sam 
835 Samir 
934 Sammy 
887 Samson 
25 Samuel 
877 Santana 
231 Santiago 
688 Santino 
718 Santos 
297 Saul 
867 Savion 
247 Sawyer 
253 Scott 
842 Seamus 
68 Sean 
76 Sebastian 
693 Semaj 
195 Sergio 
103 Seth 
800 Shamar 
179 Shane 
986 Shannon 
341 Shaun 
169 Shawn 
843 Sheldon 
801 Sidney 
373 Silas 
950 Simeon 
246 Simon 
637 Sincere 
436 Skylar 
270 Skyler 
486 Solomon 
883 Sonny 
808 Soren 
182 Spencer 
600 Stanley 
878 Stefan 
965 Stephan 
165 Stephen 
784 Sterling 
532 Steve 
90 Steven 
984 Stone 
916 Sullivan 
309 Talan 
893 Talen 
428 Talon 
142 Tanner 
412 Tate 
222 Taylor 
827 Teagan 
465 Terrance 
520 Terrell 
538 Terrence 
446 Terry 
998 Thaddeus 
296 Theodore 
51 Thomas 
94 Timothy 
550 Titus 
484 Tobias 
509 Toby 
653 Todd 
488 Tomas 
460 Tommy 
329 Tony 
536 Trace 
163 Travis 
935 Travon 
287 Trent 
192 Trenton 
530 Trevon 
125 Trevor 
250 Trey 
928 Treyvon 
86 Tristan 
335 Tristen 
729 Tristian 
557 Tristin 
487 Triston 
229 Troy 
943 Truman 
961 Trystan 
260 Tucker 
210 Ty 
18 Tyler 
700 Tyree 
655 Tyrell 
621 Tyrese 
575 Tyrone 
902 Tyshawn 
276 Tyson 
525 Ulises 
403 Uriel 
911 Valentin 
967 Valentino 
904 Van 
719 Vance 
734 Vaughn 
599 Vicente 
104 Victor 
108 Vincent 
857 Vincenzo 
551 Wade 
414 Walker 
355 Walter 
506 Warren 
547 Waylon 
645 Wayne 
190 Wesley 
380 Weston 
533 Will 
10 William 
514 Willie 
512 Wilson 
879 Winston 
82 Wyatt 
278 Xander 
78 Xavier 
617 Xzavier 
387 Yahir 
712 Yair 
674 Yandel 
944 Yosef 
912 Yusuf 
420 Zachariah 
33 Zachary 
495 Zachery 
936 Zack 
320 Zackary 
585 Zackery 
865 Zain 
821 Zaire 
894 Zakary 
306 Zander 
243 Zane 
809 Zavier 
871 Zayden 
959 Zayne 
676 Zechariah 
266 Zion 
