1992
30 Aaron 
980 Abdul 
370 Abel 
254 Abraham 
36 Adam 
498 Adan 
634 Addison 
677 Adolfo 
96 Adrian 
618 Agustin 
579 Ahmad 
724 Ahmed 
633 Aidan 
562 Akeem 
129 Alan 
205 Albert 
225 Alberto 
836 Aldo 
172 Alec 
113 Alejandro 
54 Alex 
23 Alexander 
987 Alexandre 
882 Alexandro 
331 Alexis 
420 Alfonso 
403 Alfred 
274 Alfredo 
477 Ali 
385 Allan 
166 Allen 
829 Alonso 
506 Alonzo 
983 Alphonso 
769 Alton 
576 Alvaro 
369 Alvin 
651 Amir 
791 Amos 
852 Anderson 
140 Andre 
916 Andreas 
186 Andres 
5 Andrew 
252 Andy 
114 Angel 
334 Angelo 
19 Anthony 
446 Antoine 
695 Anton 
85 Antonio 
844 Antony 
610 Antwan 
727 Antwon 
845 Ari 
720 Aric 
472 Ariel 
988 Armand 
233 Armando 
577 Arnold 
996 Arnulfo 
555 Aron 
667 Arron 
218 Arthur 
268 Arturo 
846 Asa 
966 Asher 
806 Ashley 
391 Ashton 
711 Aubrey 
814 August 
891 Augustus 
639 Austen 
38 Austin 
461 Avery 
908 Axel 
559 Baby 
989 Bailey 
885 Barrett 
459 Barry 
392 Beau 
536 Ben 
739 Benito 
33 Benjamin 
671 Bennett 
722 Benny 
418 Bernard 
824 Bernardo 
898 Bill 
230 Billy 
438 Blaine 
652 Blair 
84 Blake 
622 Bo 
221 Bobby 
462 Brad 
412 Braden 
628 Bradford 
72 Bradley 
707 Bradly 
238 Brady 
658 Brandan 
251 Branden 
6 Brandon 
640 Brandyn 
990 Brannon 
937 Brant 
648 Braxton 
792 Brayden 
144 Brendan 
433 Brenden 
363 Brendon 
367 Brennan 
777 Brennen 
160 Brent 
541 Brenton 
466 Bret 
97 Brett 
31 Brian 
584 Brice 
943 Britton 
306 Brock 
903 Broderick 
612 Brody 
762 Bronson 
672 Brooks 
291 Bruce 
57 Bryan 
261 Bryant 
175 Bryce 
770 Bryon 
510 Bryson 
314 Byron 
827 Cade 
870 Caden 
863 Cale 
74 Caleb 
194 Calvin 
878 Camden 
53 Cameron 
818 Camron 
961 Carey 
182 Carl 
914 Carlo 
69 Carlos 
480 Carlton 
357 Carson 
451 Carter 
967 Cary 
105 Casey 
991 Cassidy 
742 Cecil 
407 Cedric 
968 Cedrick 
195 Cesar 
108 Chad 
705 Chadwick 
922 Chaim 
329 Chance 
409 Chandler 
886 Channing 
43 Charles 
452 Charlie 
116 Chase 
511 Chaz 
725 Chester 
471 Chris 
35 Christian 
2 Christopher 
429 Clarence 
623 Clark 
887 Claude 
483 Clay 
167 Clayton 
415 Clifford 
538 Clifton 
396 Clint 
211 Clinton 
732 Clyde 
879 Coby 
681 Codey 
856 Codi 
712 Codie 
24 Cody 
197 Colby 
143 Cole 
649 Coleman 
127 Colin 
187 Collin 
691 Colt 
571 Colten 
997 Colter 
134 Colton 
296 Conner 
80 Connor 
290 Conor 
624 Conrad 
546 Cooper 
393 Corbin 
917 Cordell 
65 Corey 
542 Cornelius 
592 Cortez 
83 Cory 
406 Coty 
489 Courtney 
998 Coy 
154 Craig 
272 Cristian 
767 Cristopher 
801 Cruz 
600 Cullen 
142 Curtis 
729 Cyrus 
103 Dakota 
883 Dakotah 
340 Dale 
299 Dallas 
121 Dalton 
931 Dalvin 
262 Damian 
308 Damien 
580 Damion 
284 Damon 
715 Dan 
627 Dana 
682 Dandre 
410 Dane 
7 Daniel 
190 Danny 
360 Dante 
605 Daquan 
547 Darian 
616 Darien 
601 Darin 
873 Dario 
749 Darion 
164 Darius 
419 Darnell 
841 Daron 
944 Darrel 
293 Darrell 
227 Darren 
566 Darrin 
590 Darrius 
321 Darryl 
956 Darwin 
488 Daryl 
586 Dashawn 
802 Davante 
976 Dave 
10 David 
847 Davin 
853 Davion 
513 Davis 
449 Davon 
918 Davonta 
491 Davonte 
984 Dayton 
315 Dean 
277 Deandre 
534 Deangelo 
900 Deante 
751 Deion 
977 Dejon 
938 Dejuan 
774 Demarco 
469 Demarcus 
782 Demario 
778 Demetri 
281 Demetrius 
150 Dennis 
992 Denver 
330 Denzel 
832 Denzell 
527 Deon 
839 Deonta 
523 Deonte 
874 Dequan 
919 Dereck 
62 Derek 
486 Derick 
904 Derik 
969 Deron 
120 Derrick 
950 Deshaun 
444 Deshawn 
265 Desmond 
397 Devan 
199 Devante 
604 Deven 
75 Devin 
123 Devon 
569 Devonta 
708 Devontae 
226 Devonte 
662 Dewayne 
474 Dexter 
301 Diego 
553 Dillan 
539 Dillion 
73 Dillon 
502 Dimitri 
528 Dion 
825 Dionte 
999 Domenic 
923 Domingo 
137 Dominic 
317 Dominick 
180 Dominique 
674 Dominque 
901 Domonique 
602 Don 
110 Donald 
704 Donavan 
1000 Donavon 
854 Dondre 
723 Donnell 
641 Donnie 
243 Donovan 
970 Donta 
815 Dontae 
421 Donte 
524 Dorian 
126 Douglas 
425 Drake 
181 Drew 
563 Duane 
642 Duncan 
58 Dustin 
884 Dusty 
352 Dwayne 
495 Dwight 
28 Dylan 
807 Dyllan 
643 Dylon 
458 Earl 
909 Earnest 
259 Eddie 
819 Eddy 
149 Edgar 
692 Edgardo 
880 Edmund 
132 Eduardo 
70 Edward 
177 Edwin 
521 Efrain 
826 Efren 
350 Eli 
341 Elias 
203 Elijah 
910 Eliseo 
902 Elisha 
404 Elliot 
399 Elliott 
765 Ellis 
687 Elmer 
924 Elvin 
750 Elvis 
365 Emanuel 
993 Emerson 
386 Emilio 
224 Emmanuel 
803 Emmett 
271 Enrique 
26 Eric 
730 Erich 
222 Erick 
98 Erik 
796 Erin 
337 Ernest 
313 Ernesto 
735 Ervin 
978 Erwin 
389 Esteban 
685 Estevan 
76 Ethan 
338 Eugene 
66 Evan 
594 Everett 
636 Ezekiel 
787 Ezequiel 
793 Ezra 
339 Fabian 
414 Felipe 
346 Felix 
170 Fernando 
840 Fidel 
740 Floyd 
820 Forest 
316 Forrest 
318 Francis 
118 Francisco 
125 Frank 
556 Frankie 
311 Franklin 
573 Fred 
619 Freddie 
525 Freddy 
275 Frederick 
507 Fredrick 
86 Gabriel 
335 Gage 
866 Galen 
932 Garett 
442 Garret 
88 Garrett 
920 Garrick 
892 Garrison 
810 Garry 
659 Garth 
139 Gary 
266 Gavin 
655 Gene 
312 Geoffrey 
95 George 
244 Gerald 
630 Gerard 
228 Gerardo 
664 German 
945 Giancarlo 
378 Gilbert 
423 Gilberto 
637 Gino 
300 Giovanni 
526 Glen 
342 Glenn 
733 Gonzalo 
503 Gordon 
808 Grady 
401 Graham 
165 Grant 
620 Grayson 
794 Greg 
828 Gregorio 
60 Gregory 
561 Griffin 
661 Guadalupe 
361 Guillermo 
746 Gunnar 
307 Gustavo 
615 Guy 
731 Hakeem 
799 Hans 
408 Harley 
355 Harold 
282 Harrison 
366 Harry 
809 Harvey 
857 Hassan 
248 Hayden 
544 Heath 
156 Hector 
141 Henry 
587 Herbert 
717 Heriberto 
699 Herman 
804 Hernan 
693 Holden 
747 Houston 
467 Howard 
830 Hugh 
379 Hugo 
520 Humberto 
135 Hunter 
68 Ian 
613 Ignacio 
565 Infant 
951 Ira 
543 Irvin 
647 Irving 
124 Isaac 
212 Isaiah 
783 Isaias 
512 Isiah 
925 Isidro 
381 Ismael 
297 Israel 
653 Issac 
151 Ivan 
738 Jabari 
550 Jace 
155 Jack 
701 Jackie 
223 Jackson 
15 Jacob 
728 Jacoby 
895 Jacques 
779 Jade 
215 Jaime 
713 Jairo 
119 Jake 
481 Jakob 
721 Jaleel 
377 Jalen 
683 Jamaal 
242 Jamal 
493 Jamar 
789 Jamarcus 
582 Jamel 
9 James 
719 Jameson 
249 Jamie 
743 Jamil 
654 Jamison 
585 Jaquan 
67 Jared 
755 Jarod 
485 Jaron 
439 Jarred 
946 Jarrell 
447 Jarrett 
384 Jarrod 
490 Jarvis 
46 Jason 
666 Jasper 
152 Javier 
499 Javon 
684 Javonte 
236 Jay 
492 Jayson 
533 Jean 
697 Jeff 
710 Jefferson 
176 Jeffery 
51 Jeffrey 
867 Jerald 
981 Jered 
957 Jerel 
161 Jeremiah 
47 Jeremy 
349 Jermaine 
926 Jerod 
298 Jerome 
771 Jerrell 
688 Jerrod 
183 Jerry 
875 Jess 
50 Jesse 
273 Jessie 
756 Jessy 
78 Jesus 
911 Jevon 
744 Jim 
635 Jimmie 
200 Jimmy 
631 Joaquin 
896 Jody 
220 Joe 
100 Joel 
402 Joey 
14 John 
122 Johnathan 
279 Johnathon 
632 Johnnie 
153 Johnny 
240 Jon 
694 Jonah 
905 Jonas 
21 Jonathan 
136 Jonathon 
32 Jordan 
405 Jordon 
109 Jorge 
37 Jose 
821 Josef 
11 Joseph 
775 Josh 
4 Joshua 
324 Josiah 
285 Josue 
644 Jovan 
56 Juan 
133 Julian 
871 Julien 
201 Julio 
453 Julius 
780 Junior 
927 Justen 
822 Justice 
18 Justin 
933 Justyn 
962 Juwan 
581 Kadeem 
837 Kai 
280 Kaleb 
939 Kalen 
398 Kameron 
548 Kareem 
336 Karl 
501 Kasey 
522 Keaton 
454 Keegan 
362 Keenan 
790 Kegan 
102 Keith 
855 Kelby 
797 Kellen 
417 Kelly 
805 Kelsey 
319 Kelvin 
322 Kendall 
351 Kendrick 
59 Kenneth 
437 Kenny 
529 Kent 
915 Kenton 
773 Keon 
608 Kerry 
888 Keven 
25 Kevin 
899 Kevon 
660 Khalil 
971 Kieran 
741 Kirby 
430 Kirk 
253 Kody 
706 Kolby 
838 Kolton 
531 Korey 
470 Kory 
448 Kristian 
567 Kristofer 
189 Kristopher 
344 Kurt 
460 Kurtis 
947 Kwame 
22 Kyle 
487 Kyler 
665 Ladarius 
445 Lamar 
551 Lamont 
204 Lance 
276 Landon 
597 Lane 
949 Laquan 
979 Laron 
173 Larry 
972 Laurence 
192 Lawrence 
963 Lazaro 
255 Lee 
696 Leland 
464 Leo 
388 Leon 
327 Leonard 
382 Leonardo 
570 Leonel 
494 Leroy 
702 Leslie 
668 Lester 
168 Levi 
413 Lewis 
593 Liam 
848 Lincoln 
748 Lionel 
552 Lloyd 
89 Logan 
540 Lonnie 
645 Loren 
333 Lorenzo 
193 Louis 
106 Lucas 
64 Luis 
457 Lukas 
93 Luke 
906 Luther 
757 Lyle 
411 Mackenzie 
781 Madison 
784 Malachi 
206 Malcolm 
766 Malcom 
395 Malik 
131 Manuel 
213 Marc 
558 Marcel 
985 Marcelo 
198 Marco 
263 Marcos 
82 Marcus 
128 Mario 
934 Marion 
49 Mark 
514 Markus 
475 Marlon 
921 Marques 
811 Marquez 
295 Marquis 
549 Marquise 
304 Marshall 
776 Martez 
117 Martin 
958 Marty 
245 Marvin 
148 Mason 
174 Mathew 
3 Matthew 
246 Maurice 
496 Mauricio 
171 Max 
611 Maximilian 
959 Maximillian 
169 Maxwell 
325 Melvin 
241 Micah 
1 Michael 
207 Micheal 
833 Mickey 
90 Miguel 
545 Mike 
850 Mikel 
283 Miles 
560 Milton 
812 Misael 
609 Mitchel 
91 Mitchell 
734 Mohamed 
588 Mohammad 
678 Mohammed 
424 Moises 
893 Montel 
940 Montrell 
287 Morgan 
868 Morris 
572 Moses 
813 Moshe 
907 Muhammad 
390 Myles 
680 Myron 
928 Najee 
44 Nathan 
497 Nathanael 
617 Nathanial 
79 Nathaniel 
508 Neal 
323 Neil 
320 Nelson 
598 Nestor 
12 Nicholas 
689 Nick 
267 Nickolas 
614 Nico 
179 Nicolas 
516 Nigel 
889 Nikko 
890 Niko 
478 Nikolas 
219 Noah 
537 Noe 
434 Noel 
247 Nolan 
504 Norman 
709 Octavio 
359 Oliver 
145 Omar 
356 Orlando 
130 Oscar 
656 Osvaldo 
851 Otis 
476 Owen 
332 Pablo 
625 Paris 
256 Parker 
39 Patrick 
55 Paul 
638 Payton 
188 Pedro 
519 Perry 
952 Pete 
81 Peter 
763 Peyton 
138 Philip 
107 Phillip 
726 Pierce 
603 Pierre 
202 Preston 
948 Prince 
364 Quentin 
505 Quincy 
450 Quinn 
982 Quinten 
583 Quintin 
353 Quinton 
208 Rafael 
509 Raheem 
772 Rakeem 
441 Ralph 
456 Ramiro 
250 Ramon 
859 Randal 
235 Randall 
788 Randolph 
158 Randy 
578 Raphael 
416 Rashad 
690 Rashawn 
864 Rasheed 
209 Raul 
394 Ray 
104 Raymond 
800 Raymundo 
700 Reece 
530 Reed 
798 Reese 
234 Reginald 
455 Reid 
953 Remington 
328 Rene 
670 Reuben 
718 Rex 
606 Reynaldo 
758 Rhett 
115 Ricardo 
40 Richard 
575 Rick 
564 Rickey 
191 Ricky 
675 Rico 
599 Rigoberto 
264 Riley 
858 Robbie 
17 Robert 
159 Roberto 
596 Robin 
941 Rocco 
752 Rocky 
431 Roderick 
210 Rodney 
383 Rodolfo 
881 Rodrick 
468 Rodrigo 
435 Rogelio 
214 Roger 
535 Roland 
500 Rolando 
374 Roman 
912 Ron 
112 Ronald 
309 Ronnie 
960 Roosevelt 
626 Rory 
231 Ross 
286 Roy 
736 Royce 
178 Ruben 
994 Rudolph 
387 Rudy 
185 Russell 
816 Rusty 
13 Ryan 
676 Ryne 
745 Sage 
292 Salvador 
557 Salvatore 
400 Sam 
973 Samir 
629 Sammy 
41 Samuel 
517 Santiago 
753 Santos 
375 Saul 
595 Sawyer 
61 Scott 
768 Scotty 
42 Sean 
229 Sebastian 
157 Sergio 
94 Seth 
77 Shane 
465 Shannon 
426 Shaquille 
288 Shaun 
71 Shawn 
554 Shayne 
785 Shea 
473 Shelby 
380 Sheldon 
876 Shelton 
795 Sherman 
518 Sidney 
817 Silas 
348 Simon 
463 Skylar 
258 Skyler 
646 Solomon 
754 Sonny 
99 Spencer 
831 Spenser 
986 Stacey 
869 Stacy 
343 Stanley 
376 Stefan 
436 Stephan 
45 Stephen 
663 Stephon 
440 Sterling 
942 Stetson 
302 Steve 
29 Steven 
865 Stevie 
679 Stewart 
894 Storm 
427 Stuart 
842 Talon 
101 Tanner 
929 Tariq 
686 Tate 
930 Tavon 
860 Tayler 
52 Taylor 
759 Ted 
954 Teddy 
482 Terence 
232 Terrance 
310 Terrell 
270 Terrence 
196 Terry 
162 Tevin 
657 Thaddeus 
260 Theodore 
995 Theron 
27 Thomas 
877 Timmy 
34 Timothy 
834 Titus 
835 Tobias 
607 Toby 
216 Todd 
861 Tom 
484 Tomas 
303 Tommy 
163 Tony 
716 Tory 
955 Trace 
591 Tracy 
823 Trae 
48 Travis 
669 Travon 
428 Tre 
257 Trent 
239 Trenton 
698 Trever 
515 Trevon 
63 Trevor 
269 Trey 
371 Tristan 
146 Troy 
443 Tucker 
345 Ty 
8 Tyler 
422 Tylor 
964 Tyquan 
479 Tyree 
935 Tyrel 
354 Tyrell 
849 Tyron 
289 Tyrone 
936 Tyshawn 
532 Tyson 
760 Ulises 
862 Ulysses 
843 Unknown 
589 Uriel 
974 Van 
673 Vance 
761 Vaughn 
568 Vernon 
574 Vicente 
87 Victor 
975 Vince 
92 Vincent 
347 Wade 
737 Walker 
897 Wallace 
217 Walter 
358 Warren 
913 Waylon 
294 Wayne 
764 Wendell 
111 Wesley 
872 Westley 
372 Weston 
786 Wilfredo 
650 Will 
20 William 
237 Willie 
965 Willis 
432 Wilson 
621 Winston 
368 Wyatt 
147 Xavier 
305 Zachariah 
16 Zachary 
184 Zachery 
278 Zackary 
326 Zackery 
714 Zakary 
373 Zane 
703 Zechariah 
