1998
37 Aaron 
970 Abdul 
897 Abdullah 
378 Abel 
211 Abraham 
942 Abram 
45 Adam 
533 Adan 
548 Addison 
604 Adolfo 
790 Adonis 
71 Adrian 
634 Agustin 
401 Ahmad 
594 Ahmed 
196 Aidan 
545 Aiden 
161 Alan 
259 Albert 
247 Alberto 
783 Alden 
653 Aldo 
112 Alec 
95 Alejandro 
871 Alessandro 
56 Alex 
22 Alexander 
921 Alexandre 
855 Alexandro 
148 Alexis 
465 Alfonso 
538 Alfred 
296 Alfredo 
393 Ali 
452 Allan 
239 Allen 
736 Alonso 
525 Alonzo 
887 Alton 
568 Alvaro 
445 Alvin 
680 Amari 
442 Amir 
987 Amos 
872 Anderson 
193 Andre 
898 Andreas 
157 Andres 
9 Andrew 
223 Andy 
81 Angel 
302 Angelo 
19 Anthony 
553 Antoine 
672 Anton 
79 Antonio 
832 Antony 
720 Antwan 
873 Ari 
837 Aric 
475 Ariel 
224 Armando 
658 Armani 
713 Arnold 
602 Aron 
863 Arron 
290 Arthur 
291 Arturo 
793 Asa 
686 Asher 
278 Ashton 
827 Aubrey 
598 August 
924 Augustus 
532 Austen 
10 Austin 
879 Auston 
656 Austyn 
246 Avery 
794 Axel 
731 Baby 
977 Babyboy 
153 Bailey 
993 Barrett 
610 Barry 
450 Beau 
562 Ben 
874 Benito 
30 Benjamin 
485 Bennett 
852 Benny 
616 Bernard 
791 Bernardo 
332 Billy 
961 Bishop 
498 Blaine 
899 Blaise 
85 Blake 
833 Bo 
324 Bobby 
581 Brad 
250 Braden 
834 Bradford 
101 Bradley 
777 Bradly 
163 Brady 
635 Braeden 
757 Brandan 
309 Branden 
7 Brandon 
792 Brandyn 
909 Brannon 
931 Branson 
880 Brant 
323 Braxton 
688 Brayan 
283 Brayden 
629 Braydon 
99 Brendan 
245 Brenden 
318 Brendon 
274 Brennan 
534 Brennen 
896 Brennon 
249 Brent 
676 Brenton 
605 Bret 
133 Brett 
41 Brian 
527 Brice 
279 Brock 
971 Broderick 
350 Brody 
875 Bronson 
729 Brooks 
383 Bruce 
74 Bryan 
312 Bryant 
94 Bryce 
957 Brycen 
321 Bryson 
422 Byron 
335 Cade 
464 Caden 
856 Cale 
42 Caleb 
203 Calvin 
522 Camden 
35 Cameron 
461 Camron 
260 Carl 
994 Carlo 
69 Carlos 
687 Carlton 
218 Carson 
189 Carter 
170 Casey 
419 Cedric 
168 Cesar 
187 Chad 
801 Chaim 
208 Chance 
173 Chandler 
48 Charles 
454 Charlie 
67 Chase 
947 Chauncey 
705 Chaz 
406 Chris 
26 Christian 
988 Christion 
5 Christopher 
563 Clarence 
733 Clark 
394 Clay 
150 Clayton 
655 Clifford 
696 Clifton 
778 Clint 
589 Clinton 
925 Clyde 
575 Coby 
43 Cody 
220 Colby 
77 Cole 
528 Coleman 
122 Colin 
130 Collin 
758 Colt 
493 Colten 
105 Colton 
192 Conner 
47 Connor 
333 Conor 
613 Conrad 
254 Cooper 
322 Corbin 
531 Cordell 
115 Corey 
702 Cornelius 
760 Cortez 
164 Cory 
709 Courtney 
315 Craig 
144 Cristian 
715 Cristopher 
659 Cruz 
535 Cullen 
226 Curtis 
554 Cyrus 
72 Dakota 
841 Dakotah 
467 Dale 
285 Dallas 
745 Dallin 
88 Dalton 
207 Damian 
300 Damien 
435 Damion 
272 Damon 
951 Dan 
582 Dandre 
482 Dane 
623 Dangelo 
12 Daniel 
270 Danny 
201 Dante 
517 Daquan 
387 Darian 
572 Darien 
780 Darin 
910 Dario 
614 Darion 
162 Darius 
555 Darnell 
432 Darrell 
280 Darren 
934 Darrian 
980 Darrien 
739 Darrin 
842 Darrion 
633 Darrius 
509 Darryl 
693 Daryl 
573 Dashawn 
13 David 
835 Davin 
569 Davion 
375 Davis 
481 Davon 
689 Davonte 
175 Dawson 
558 Dayton 
346 Dean 
287 Deandre 
636 Deangelo 
710 Declan 
810 Deion 
967 Dejuan 
787 Demarco 
579 Demarcus 
377 Demetrius 
238 Dennis 
784 Denver 
620 Denzel 
615 Deon 
734 Deondre 
972 Deontae 
539 Deonte 
772 Dequan 
110 Derek 
567 Derick 
194 Derrick 
807 Deshaun 
428 Deshawn 
352 Desmond 
802 Destin 
409 Devan 
571 Devante 
491 Deven 
62 Devin 
119 Devon 
926 Devonta 
440 Devonte 
617 Devyn 
866 Dewayne 
618 Dexter 
186 Diego 
596 Dillan 
843 Dillion 
134 Dillon 
673 Dimitri 
665 Dion 
935 Domenic 
120 Dominic 
264 Dominick 
867 Dominik 
479 Dominique 
765 Don 
180 Donald 
690 Donavan 
812 Donnie 
209 Donovan 
823 Dontae 
470 Donte 
506 Dorian 
227 Douglas 
269 Drake 
894 Draven 
188 Drew 
769 Duane 
386 Duncan 
108 Dustin 
510 Dwayne 
669 Dwight 
25 Dylan 
711 Dylon 
601 Earl 
670 Easton 
339 Eddie 
167 Edgar 
145 Eduardo 
106 Edward 
197 Edwin 
541 Efrain 
824 Efren 
288 Eli 
261 Elias 
66 Elijah 
674 Elisha 
468 Elliot 
501 Elliott 
817 Ellis 
763 Elmer 
703 Elvis 
364 Emanuel 
868 Emerson 
340 Emilio 
213 Emmanuel 
847 Emmett 
237 Enrique 
39 Eric 
206 Erick 
140 Erik 
486 Ernest 
336 Ernesto 
362 Esteban 
684 Estevan 
38 Ethan 
462 Eugene 
63 Evan 
583 Everett 
453 Ezekiel 
590 Ezequiel 
492 Ezra 
317 Fabian 
455 Felipe 
388 Felix 
166 Fernando 
892 Fidel 
981 Floyd 
619 Forrest 
989 Francesco 
410 Francis 
138 Francisco 
178 Frank 
681 Frankie 
389 Franklin 
746 Fred 
830 Freddie 
639 Freddy 
361 Frederick 
621 Fredrick 
54 Gabriel 
169 Gage 
876 Garett 
477 Garret 
80 Garrett 
650 Garrison 
234 Gary 
116 Gavin 
982 Genaro 
546 Geoffrey 
126 George 
376 Gerald 
838 Gerard 
217 Gerardo 
759 German 
913 Giancarlo 
560 Gianni 
507 Gilbert 
451 Gilberto 
795 Gino 
225 Giovanni 
936 Giovanny 
740 Glen 
496 Glenn 
900 Gonzalo 
640 Gordon 
825 Grady 
407 Graham 
127 Grant 
359 Grayson 
927 Gregorio 
109 Gregory 
796 Greyson 
215 Griffin 
708 Guadalupe 
369 Guillermo 
511 Gunnar 
666 Gunner 
311 Gustavo 
764 Guy 
788 Hakeem 
943 Hamza 
937 Hans 
431 Harley 
514 Harold 
174 Harrison 
469 Harry 
677 Hassan 
160 Hayden 
651 Heath 
185 Hector 
136 Henry 
797 Herbert 
848 Heriberto 
938 Herman 
922 Hernan 
416 Holden 
725 Houston 
586 Howard 
667 Hudson 
773 Hugh 
415 Hugo 
576 Humberto 
36 Hunter 
73 Ian 
836 Ibrahim 
638 Ignacio 
945 Infant 
642 Irvin 
65 Isaac 
962 Isai 
59 Isaiah 
580 Isaias 
952 Ishmael 
348 Isiah 
958 Isidro 
351 Ismael 
243 Israel 
476 Issac 
154 Ivan 
853 Izaiah 
916 Jabari 
379 Jace 
61 Jack 
779 Jackie 
100 Jackson 
2 Jacob 
761 Jacoby 
914 Jacques 
864 Jacquez 
328 Jaden 
753 Jadon 
240 Jaime 
737 Jairo 
102 Jake 
190 Jakob 
818 Jaleel 
204 Jalen 
918 Jalon 
372 Jamal 
657 Jamar 
854 Jamarcus 
826 Jamari 
749 Jamel 
18 James 
698 Jameson 
403 Jamie 
953 Jamil 
599 Jamison 
425 Jaquan 
51 Jared 
858 Jaren 
556 Jaret 
742 Jarett 
275 Jarod 
591 Jaron 
426 Jarred 
282 Jarrett 
396 Jarrod 
691 Jarvis 
40 Jason 
611 Jasper 
149 Javier 
420 Javon 
813 Javonte 
692 Jaxon 
326 Jay 
881 Jayce 
395 Jayden 
901 Jaylan 
349 Jaylen 
588 Jaylin 
489 Jaylon 
360 Jayson 
806 Jean 
722 Jefferson 
293 Jeffery 
91 Jeffrey 
932 Jelani 
968 Jensen 
114 Jeremiah 
68 Jeremy 
430 Jermaine 
939 Jerod 
414 Jerome 
911 Jerrod 
228 Jerry 
70 Jesse 
385 Jessie 
76 Jesus 
882 Jimmie 
265 Jimmy 
557 Joaquin 
286 Joe 
118 Joel 
519 Joey 
940 Johan 
15 John 
143 Johnathan 
343 Johnathon 
902 Johnnie 
216 Johnny 
329 Jon 
219 Jonah 
521 Jonas 
21 Jonathan 
195 Jonathon 
27 Jordan 
697 Jorden 
903 Jordi 
429 Jordon 
803 Jordy 
107 Jorge 
33 Jose 
756 Josef 
11 Joseph 
877 Josh 
4 Joshua 
212 Josiah 
256 Josue 
646 Jovan 
963 Jovani 
964 Jovany 
52 Juan 
995 Judah 
124 Julian 
782 Julien 
251 Julio 
487 Julius 
751 Junior 
342 Justice 
20 Justin 
719 Justus 
706 Justyn 
523 Juwan 
529 Kade 
433 Kaden 
549 Kai 
996 Kale 
156 Kaleb 
859 Kalen 
267 Kameron 
743 Kamron 
564 Kane 
595 Kareem 
483 Karl 
628 Kasey 
948 Keagan 
973 Keanu 
363 Keaton 
305 Keegan 
458 Keenan 
191 Keith 
798 Kellen 
699 Kelly 
849 Kelton 
367 Kelvin 
368 Kendall 
417 Kendrick 
928 Kennedy 
86 Kenneth 
478 Kenny 
723 Kent 
974 Kenton 
983 Kenyon 
647 Keon 
941 Kerry 
660 Keshawn 
814 Keven 
32 Kevin 
819 Kevon 
984 Keyon 
799 Keyshawn 
808 Khalid 
399 Khalil 
625 Kieran 
997 Killian 
718 Kirk 
263 Kobe 
592 Koby 
334 Kody 
550 Kolby 
748 Kole 
607 Kolton 
998 Konnor 
844 Kordell 
704 Korey 
622 Kory 
404 Kristian 
815 Kristofer 
266 Kristopher 
543 Kurt 
606 Kurtis 
999 Kylan 
24 Kyle 
314 Kyler 
888 Kyree 
754 Ladarius 
682 Lamar 
732 Lamont 
316 Lance 
839 Landen 
202 Landon 
294 Lane 
248 Larry 
277 Lawrence 
735 Layne 
402 Lee 
990 Leland 
434 Leo 
480 Leon 
473 Leonard 
257 Leonardo 
561 Leonel 
644 Leroy 
159 Levi 
559 Lewis 
155 Liam 
883 Lincoln 
915 Lionel 
893 Lloyd 
44 Logan 
789 Lonnie 
975 Loren 
295 Lorenzo 
252 Louis 
93 Lucas 
959 Luciano 
53 Luis 
392 Lukas 
75 Luke 
626 Mackenzie 
752 Madison 
413 Malachi 
366 Malcolm 
139 Malik 
147 Manuel 
242 Marc 
661 Marcel 
845 Marcelo 
181 Marco 
236 Marcos 
96 Marcus 
1000 Mariano 
151 Mario 
64 Mark 
904 Markel 
906 Markell 
631 Markus 
494 Marlon 
831 Marques 
663 Marquez 
357 Marquis 
443 Marquise 
353 Marshall 
165 Martin 
325 Marvin 
83 Mason 
513 Mateo 
222 Mathew 
933 Matteo 
3 Matthew 
327 Maurice 
472 Mauricio 
804 Maverick 
158 Max 
441 Maximilian 
716 Maximillian 
135 Maxwell 
923 Mekhi 
418 Melvin 
199 Micah 
1 Michael 
271 Micheal 
90 Miguel 
965 Miguelangel 
630 Mike 
860 Mikel 
253 Miles 
747 Milton 
741 Misael 
641 Mitchel 
103 Mitchell 
502 Mohamed 
488 Mohammad 
524 Mohammed 
371 Moises 
821 Montana 
297 Morgan 
508 Moses 
654 Moshe 
726 Muhammad 
304 Myles 
809 Myron 
946 Najee 
770 Nash 
884 Nasir 
34 Nathan 
408 Nathanael 
544 Nathanial 
60 Nathaniel 
949 Nathen 
766 Neal 
828 Nehemiah 
463 Neil 
400 Nelson 
727 Nestor 
6 Nicholas 
829 Nick 
969 Nicklaus 
258 Nickolas 
889 Nico 
132 Nicolas 
537 Nigel 
954 Nikhil 
950 Niko 
284 Nikolas 
29 Noah 
474 Noe 
456 Noel 
233 Nolan 
652 Norman 
800 Octavio 
356 Oliver 
146 Omar 
850 Omari 
540 Orion 
391 Orlando 
129 Oscar 
515 Osvaldo 
179 Owen 
310 Pablo 
774 Paris 
141 Parker 
57 Patrick 
89 Paul 
917 Paxton 
308 Payton 
200 Pedro 
624 Perry 
111 Peter 
221 Peyton 
214 Philip 
177 Phillip 
907 Phoenix 
597 Pierce 
805 Pierre 
176 Preston 
851 Prince 
273 Quentin 
574 Quincy 
330 Quinn 
675 Quinten 
542 Quintin 
337 Quinton 
683 Raekwon 
229 Rafael 
738 Raheem 
976 Rahul 
584 Ralph 
495 Ramiro 
281 Ramon 
382 Randall 
244 Randy 
668 Raphael 
570 Rashad 
712 Rashawn 
966 Rasheed 
232 Raul 
861 Raven 
490 Ray 
142 Raymond 
816 Raymundo 
929 Reagan 
466 Reece 
439 Reed 
547 Reese 
355 Reginald 
423 Reid 
908 Reilly 
728 Remington 
397 Rene 
744 Reuben 
944 Rex 
721 Reynaldo 
637 Rhett 
125 Ricardo 
55 Richard 
885 Rick 
905 Rickey 
292 Ricky 
955 Rico 
648 Rigoberto 
128 Riley 
499 River 
23 Robert 
172 Roberto 
912 Robin 
985 Rocky 
627 Roderick 
319 Rodney 
411 Rodolfo 
446 Rodrigo 
484 Rogelio 
347 Roger 
785 Rohan 
678 Roland 
497 Rolando 
338 Roman 
603 Romeo 
182 Ronald 
552 Ronaldo 
436 Ronnie 
608 Rory 
341 Ross 
384 Roy 
919 Royce 
205 Ruben 
526 Rudy 
299 Russell 
17 Ryan 
920 Ryder 
662 Rylan 
551 Sage 
331 Salvador 
609 Salvatore 
460 Sam 
869 Samir 
685 Sammy 
28 Samuel 
447 Santiago 
724 Santos 
307 Saul 
730 Savion 
503 Sawyer 
123 Scott 
890 Seamus 
50 Sean 
198 Sebastian 
171 Sergio 
87 Seth 
700 Shamar 
117 Shane 
649 Shannon 
370 Shaun 
113 Shawn 
714 Shayne 
886 Shelby 
518 Sheldon 
930 Shemar 
536 Sidney 
679 Silas 
840 Simeon 
301 Simon 
358 Skylar 
230 Skyler 
500 Solomon 
878 Sonny 
84 Spencer 
471 Stanley 
530 Stefan 
600 Stephan 
78 Stephen 
587 Stephon 
505 Sterling 
390 Steve 
46 Steven 
991 Stewart 
632 Stone 
664 Stuart 
986 Syed 
771 Tahj 
956 Taj 
707 Talon 
82 Tanner 
978 Tarik 
444 Tariq 
512 Tate 
862 Tavian 
104 Taylor 
775 Terence 
374 Terrance 
320 Terrell 
459 Terrence 
303 Terry 
585 Tevin 
811 Thaddeus 
289 Theodore 
31 Thomas 
49 Timothy 
786 Titus 
593 Tobias 
577 Toby 
365 Todd 
457 Tomas 
298 Tommy 
255 Tony 
437 Trace 
781 Tracy 
98 Travis 
643 Travon 
645 Tre 
231 Trent 
183 Trenton 
717 Trever 
992 Trevin 
344 Trevon 
58 Trevor 
210 Trey 
92 Tristan 
276 Tristen 
671 Tristian 
421 Tristin 
380 Triston 
184 Troy 
857 Trystan 
306 Tucker 
820 Turner 
262 Ty 
8 Tyler 
504 Tylor 
846 Tyquan 
405 Tyree 
822 Tyreek 
694 Tyrek 
449 Tyrell 
612 Tyrese 
895 Tyrik 
776 Tyriq 
755 Tyrique 
865 Tyron 
398 Tyrone 
891 Tyshawn 
381 Tyson 
565 Ulises 
750 Ulysses 
516 Uriel 
979 Valentin 
870 Vaughn 
767 Vernon 
566 Vicente 
97 Victor 
121 Vincent 
960 Vincenzo 
448 Wade 
427 Walker 
313 Walter 
424 Warren 
438 Wayne 
152 Wesley 
412 Weston 
578 Will 
14 William 
354 Willie 
520 Wilson 
762 Winston 
137 Wyatt 
131 Xavier 
373 Zachariah 
16 Zachary 
241 Zachery 
235 Zackary 
345 Zackery 
768 Zakary 
268 Zane 
701 Zechariah 
695 Zion 
