1996
34 Aaron 
947 Abdul 
974 Abdullah 
387 Abel 
227 Abraham 
878 Abram 
39 Adam 
512 Adan 
544 Addison 
644 Adolfo 
830 Adonis 
92 Adrian 
613 Agustin 
520 Ahmad 
572 Ahmed 
258 Aidan 
824 Aiden 
902 Akeem 
144 Alan 
231 Albert 
236 Alberto 
914 Alden 
713 Aldo 
117 Alec 
107 Alejandro 
953 Alek 
54 Alex 
22 Alexander 
967 Alexandre 
826 Alexandro 
180 Alexis 
442 Alfonso 
496 Alfred 
273 Alfredo 
424 Ali 
481 Allan 
212 Allen 
765 Alonso 
509 Alonzo 
948 Alton 
576 Alvaro 
451 Alvin 
536 Amir 
982 Amos 
808 Anderson 
172 Andre 
908 Andreas 
161 Andres 
10 Andrew 
235 Andy 
597 Anfernee 
102 Angel 
333 Angelo 
19 Anthony 
558 Antoine 
720 Anton 
80 Antonio 
775 Antony 
730 Antwan 
791 Ari 
821 Aric 
463 Ariel 
949 Armand 
222 Armando 
738 Armani 
681 Arnold 
575 Aron 
772 Arron 
276 Arthur 
265 Arturo 
846 Asa 
776 Asher 
327 Ashton 
742 Aubrey 
709 August 
942 Augustus 
423 Austen 
9 Austin 
894 Auston 
629 Austyn 
251 Avery 
859 Axel 
637 Baby 
200 Bailey 
909 Barrett 
552 Barry 
425 Beau 
580 Ben 
755 Benito 
29 Benjamin 
565 Bennett 
801 Benny 
566 Bernard 
725 Bernardo 
286 Billy 
506 Blaine 
977 Blaise 
84 Blake 
769 Bo 
289 Bobby 
499 Brad 
277 Braden 
727 Bradford 
83 Bradley 
841 Bradly 
176 Brady 
827 Braeden 
701 Brandan 
288 Branden 
8 Brandon 
757 Brandyn 
998 Branson 
957 Brant 
397 Braxton 
843 Brayan 
388 Brayden 
892 Braydon 
131 Brendan 
293 Brenden 
349 Brendon 
297 Brennan 
655 Brennen 
924 Brennon 
226 Brent 
573 Brenton 
545 Bret 
110 Brett 
36 Brian 
600 Brice 
299 Brock 
822 Broderick 
395 Brody 
847 Bronson 
662 Brooks 
364 Bruce 
999 Bruno 
66 Bryan 
308 Bryant 
120 Bryce 
968 Bryon 
351 Bryson 
410 Byron 
493 Cade 
633 Caden 
958 Cain 
915 Cale 
48 Caleb 
183 Calvin 
684 Camden 
49 Cameron 
786 Camron 
250 Carl 
885 Carlo 
67 Carlos 
616 Carlton 
275 Carson 
243 Carter 
142 Casey 
884 Cecil 
399 Cedric 
920 Cedrick 
170 Cesar 
160 Chad 
983 Chadwick 
860 Chaim 
154 Chance 
157 Chandler 
43 Charles 
476 Charlie 
76 Chase 
601 Chaz 
414 Chris 
24 Christian 
4 Christopher 
528 Clarence 
641 Clark 
370 Clay 
149 Clayton 
539 Clifford 
695 Clifton 
611 Clint 
516 Clinton 
959 Clyde 
731 Coby 
788 Codey 
886 Codie 
31 Cody 
225 Colby 
106 Cole 
547 Coleman 
126 Colin 
115 Collin 
669 Colt 
500 Colten 
105 Colton 
199 Conner 
53 Connor 
318 Conor 
673 Conrad 
362 Cooper 
419 Corbin 
595 Cordell 
94 Corey 
675 Cornelius 
732 Cortez 
143 Cory 
784 Coty 
657 Courtney 
247 Craig 
130 Cristian 
950 Cristobal 
751 Cristopher 
715 Cruz 
518 Cullen 
191 Curtis 
733 Cyrus 
932 Dakoda 
58 Dakota 
835 Dakotah 
412 Dale 
233 Dallas 
779 Dallin 
99 Dalton 
975 Dalvin 
214 Damian 
313 Damien 
486 Damion 
279 Damon 
828 Dan 
861 Dana 
537 Dandre 
435 Dane 
389 Dangelo 
11 Daniel 
245 Danny 
283 Dante 
441 Daquan 
420 Darian 
548 Darien 
686 Darin 
960 Dario 
617 Darion 
182 Darius 
507 Darnell 
984 Daron 
383 Darrell 
253 Darren 
895 Darrian 
671 Darrin 
758 Darrion 
646 Darrius 
431 Darryl 
609 Daryl 
574 Dashawn 
13 David 
893 Davin 
687 Davion 
409 Davis 
464 Davon 
679 Davonte 
759 Dawson 
623 Dayton 
312 Dean 
269 Deandre 
490 Deangelo 
411 Deion 
925 Dejuan 
862 Demarco 
511 Demarcus 
338 Demetrius 
203 Dennis 
903 Denver 
472 Denzel 
513 Deon 
802 Deondre 
1000 Deonta 
491 Deonte 
682 Dequan 
101 Derek 
563 Derick 
169 Derrick 
803 Deshaun 
453 Deshawn 
375 Desmond 
794 Destin 
421 Devan 
357 Devante 
540 Deven 
59 Devin 
127 Devon 
702 Devonta 
928 Devontae 
356 Devonte 
614 Devyn 
873 Dewayne 
585 Dexter 
218 Diego 
688 Dillan 
817 Dillion 
121 Dillon 
766 Dimitri 
560 Dion 
933 Dionte 
926 Domenic 
135 Dominic 
290 Dominick 
985 Dominik 
345 Dominique 
694 Don 
158 Donald 
763 Donavan 
848 Donnell 
804 Donnie 
246 Donovan 
719 Dontae 
436 Donte 
517 Dorian 
181 Douglas 
305 Drake 
852 Draven 
163 Drew 
692 Duane 
444 Duncan 
78 Dustin 
760 Dusty 
459 Dwayne 
636 Dwight 
33 Dylan 
986 Dyllan 
810 Dylon 
571 Earl 
842 Easton 
319 Eddie 
939 Eddy 
148 Edgar 
940 Edgardo 
978 Edmund 
123 Eduardo 
95 Edward 
196 Edwin 
527 Efrain 
789 Efren 
309 Eli 
292 Elias 
943 Eliezer 
81 Elijah 
910 Eliseo 
697 Elisha 
477 Elliot 
501 Elliott 
780 Ellis 
723 Elmer 
781 Elvis 
352 Emanuel 
987 Emerson 
337 Emilio 
211 Emmanuel 
863 Emmett 
228 Enrique 
35 Eric 
856 Erich 
188 Erick 
122 Erik 
916 Erin 
438 Ernest 
334 Ernesto 
904 Ervin 
339 Esteban 
685 Estevan 
62 Ethan 
450 Eugene 
65 Evan 
618 Everett 
521 Ezekiel 
561 Ezequiel 
556 Ezra 
328 Fabian 
447 Felipe 
380 Felix 
178 Fernando 
818 Fidel 
961 Floyd 
492 Forrest 
969 Francesco 
386 Francis 
132 Francisco 
162 Frank 
627 Frankie 
350 Franklin 
652 Fred 
756 Freddie 
569 Freddy 
325 Frederick 
586 Fredrick 
61 Gabriel 
201 Gage 
917 Galen 
850 Garett 
479 Garret 
85 Garrett 
752 Garrison 
202 Gary 
192 Gavin 
838 Gene 
503 Geoffrey 
118 George 
322 Gerald 
761 Gerard 
205 Gerardo 
647 German 
990 Giancarlo 
465 Gilbert 
460 Gilberto 
753 Gino 
237 Giovanni 
649 Glen 
455 Glenn 
790 Gonzalo 
549 Gordon 
831 Grady 
404 Graham 
119 Grant 
401 Grayson 
857 Gregorio 
98 Gregory 
811 Greyson 
281 Griffin 
631 Guadalupe 
353 Guillermo 
553 Gunnar 
812 Gunner 
296 Gustavo 
767 Guy 
680 Hakeem 
390 Harley 
440 Harold 
209 Harrison 
456 Harry 
962 Harvey 
737 Hassan 
168 Hayden 
642 Heath 
173 Hector 
139 Henry 
745 Herbert 
762 Heriberto 
796 Herman 
813 Hernan 
567 Holden 
635 Houston 
589 Howard 
650 Hudson 
768 Hugh 
432 Hugo 
543 Humberto 
47 Hunter 
70 Ian 
743 Ibrahim 
659 Ignacio 
750 Infant 
608 Irvin 
889 Irving 
86 Isaac 
899 Isai 
71 Isaiah 
612 Isaias 
927 Ishmael 
365 Isiah 
335 Ismael 
264 Israel 
522 Issac 
166 Ivan 
825 Jabari 
466 Jace 
89 Jack 
785 Jackie 
136 Jackson 
3 Jacob 
867 Jacoby 
941 Jacques 
836 Jade 
519 Jaden 
230 Jaime 
887 Jair 
696 Jairo 
114 Jake 
381 Jakob 
744 Jaleel 
221 Jalen 
954 Jamaal 
282 Jamal 
663 Jamar 
814 Jamarcus 
667 Jamel 
17 James 
710 Jameson 
354 Jamie 
868 Jamil 
716 Jamison 
449 Jaquan 
64 Jared 
721 Jarod 
640 Jaron 
468 Jarred 
372 Jarrett 
531 Jarrod 
593 Jarvis 
41 Jason 
660 Jasper 
153 Javier 
417 Javon 
773 Javonte 
287 Jay 
934 Jayce 
606 Jayden 
963 Jaylan 
495 Jaylen 
664 Jaylin 
603 Jaylon 
454 Jayson 
683 Jean 
881 Jeff 
693 Jefferson 
255 Jeffery 
72 Jeffrey 
164 Jeremiah 
56 Jeremy 
427 Jermaine 
393 Jerome 
815 Jerrod 
194 Jerry 
912 Jess 
51 Jesse 
300 Jessie 
896 Jessy 
74 Jesus 
874 Jim 
741 Jimmie 
223 Jimmy 
591 Joaquin 
979 Jody 
267 Joe 
124 Joel 
461 Joey 
15 John 
138 Johnathan 
301 Johnathon 
749 Johnnie 
193 Johnny 
315 Jon 
197 Jonah 
570 Jonas 
918 Jonatan 
21 Jonathan 
171 Jonathon 
27 Jordan 
869 Jorden 
433 Jordon 
113 Jorge 
32 Jose 
823 Josef 
12 Joseph 
849 Josh 
5 Joshua 
240 Josiah 
254 Josue 
764 Jovan 
52 Juan 
935 Jude 
129 Julian 
754 Julien 
213 Julio 
510 Julius 
734 Junior 
955 Justen 
320 Justice 
20 Justin 
665 Justus 
792 Justyn 
489 Juwan 
554 Kade 
530 Kaden 
735 Kahlil 
599 Kai 
186 Kaleb 
344 Kameron 
658 Kane 
596 Kareem 
448 Karl 
559 Kasey 
991 Keagan 
619 Keanu 
429 Keaton 
330 Keegan 
396 Keenan 
870 Keion 
159 Keith 
739 Kellen 
551 Kelly 
929 Kelsey 
799 Kelton 
358 Kelvin 
992 Kendal 
359 Kendall 
407 Kendrick 
839 Kennedy 
77 Kenneth 
408 Kenny 
651 Kent 
936 Kenton 
714 Keon 
797 Kerry 
705 Keshawn 
871 Keven 
26 Kevin 
805 Kevon 
782 Keyshawn 
829 Khalid 
348 Khalil 
624 Kieran 
911 Killian 
970 Kirby 
594 Kirk 
270 Kody 
674 Kolby 
882 Kole 
555 Kolton 
993 Kordell 
604 Korey 
557 Kory 
384 Kristian 
717 Kristofer 
239 Kristopher 
457 Kurt 
541 Kurtis 
25 Kyle 
311 Kyler 
704 Ladarius 
605 Lamar 
711 Lamont 
268 Lance 
216 Landon 
261 Lane 
219 Larry 
256 Lawrence 
708 Layne 
980 Lazaro 
343 Lee 
913 Leland 
482 Leo 
458 Leon 
416 Leonard 
402 Leonardo 
562 Leonel 
598 Leroy 
819 Leslie 
844 Lester 
165 Levi 
494 Lewis 
184 Liam 
897 Lincoln 
972 Lionel 
728 Lloyd 
42 Logan 
672 Lonnie 
890 Loren 
274 Lorenzo 
234 Louis 
93 Lucas 
905 Luciano 
57 Luis 
382 Lukas 
75 Luke 
469 Mackenzie 
638 Madison 
505 Malachi 
314 Malcolm 
97 Malik 
145 Manuel 
232 Marc 
626 Marcel 
875 Marcelo 
174 Marco 
224 Marcos 
87 Marcus 
147 Mario 
55 Mark 
937 Markel 
588 Markus 
470 Marlon 
690 Marques 
703 Marquez 
295 Marquis 
418 Marquise 
310 Marshall 
152 Martin 
307 Marvin 
104 Mason 
698 Mateo 
204 Mathew 
2 Matthew 
324 Maurice 
488 Mauricio 
845 Maverick 
208 Max 
497 Maximilian 
832 Maximillian 
177 Maxwell 
400 Melvin 
944 Menachem 
210 Micah 
1 Michael 
262 Micheal 
864 Mickey 
91 Miguel 
534 Mike 
840 Mikel 
317 Miles 
620 Milton 
770 Misael 
568 Mitchel 
88 Mitchell 
615 Mohamed 
514 Mohammad 
582 Mohammed 
403 Moises 
777 Montana 
994 Montel 
244 Morgan 
533 Moses 
634 Moshe 
774 Muhammad 
366 Myles 
851 Myron 
921 Najee 
965 Nasir 
37 Nathan 
473 Nathanael 
628 Nathanial 
69 Nathaniel 
639 Neal 
405 Neil 
377 Nelson 
689 Nestor 
6 Nicholas 
837 Nick 
263 Nickolas 
872 Nico 
151 Nicolas 
524 Nigel 
901 Niko 
394 Nikolas 
50 Noah 
485 Noe 
437 Noel 
257 Nolan 
648 Norman 
645 Octavio 
385 Oliver 
140 Omar 
787 Orion 
367 Orlando 
125 Oscar 
498 Osvaldo 
278 Owen 
331 Pablo 
746 Paris 
179 Parker 
44 Patrick 
79 Paul 
406 Payton 
198 Pedro 
583 Perry 
995 Pete 
96 Peter 
336 Peyton 
185 Philip 
150 Phillip 
584 Pierce 
853 Pierre 
189 Preston 
284 Quentin 
487 Quincy 
332 Quinn 
676 Quinten 
542 Quintin 
302 Quinton 
483 Raekwon 
215 Rafael 
625 Raheem 
504 Ralph 
452 Ramiro 
280 Ramon 
321 Randall 
981 Randolph 
206 Randy 
656 Raphael 
879 Raquan 
502 Rashad 
771 Rashawn 
800 Rasheed 
207 Raul 
484 Ray 
133 Raymond 
706 Raymundo 
930 Reagan 
653 Reece 
422 Reed 
736 Reese 
323 Reginald 
443 Reid 
919 Reilly 
854 Remington 
368 Rene 
729 Reuben 
938 Rex 
677 Reynaldo 
610 Rhett 
128 Ricardo 
45 Richard 
724 Rick 
726 Rickey 
248 Ricky 
945 Rico 
654 Rigoberto 
146 Riley 
632 River 
23 Robert 
175 Roberto 
809 Robin 
922 Rocky 
535 Roderick 
266 Rodney 
415 Rodolfo 
996 Rodrick 
378 Rodrigo 
471 Rogelio 
285 Roger 
880 Rohan 
578 Roland 
523 Rolando 
363 Roman 
923 Romello 
973 Romeo 
156 Ronald 
391 Ronnie 
678 Rory 
271 Ross 
346 Roy 
806 Royce 
190 Ruben 
478 Rudy 
260 Russell 
16 Ryan 
891 Ryne 
581 Sage 
303 Salvador 
602 Salvatore 
430 Sam 
793 Sammy 
30 Samuel 
508 Santiago 
712 Santos 
304 Saul 
525 Sawyer 
108 Scott 
876 Seamus 
46 Sean 
195 Sebastian 
167 Sergio 
103 Seth 
865 Shamar 
112 Shane 
577 Shannon 
951 Shaquan 
661 Shaquille 
371 Shaun 
111 Shawn 
607 Shayne 
883 Shea 
590 Shelby 
475 Sheldon 
971 Shelton 
906 Shemar 
529 Sidney 
740 Silas 
900 Simeon 
342 Simon 
373 Skylar 
217 Skyler 
538 Solomon 
888 Sonny 
109 Spencer 
946 Spenser 
426 Stanley 
480 Stefan 
532 Stephan 
60 Stephen 
546 Stephon 
462 Sterling 
369 Steve 
38 Steven 
833 Stewart 
699 Stone 
952 Storm 
564 Stuart 
988 Sydney 
964 Syed 
718 Talon 
90 Tanner 
855 Tarik 
807 Tariq 
587 Tate 
778 Tavon 
898 Tayler 
82 Taylor 
956 Ted 
976 Teddy 
668 Terence 
340 Terrance 
361 Terrell 
376 Terrence 
259 Terry 
434 Tevin 
722 Thaddeus 
294 Theodore 
28 Thomas 
40 Timothy 
877 Titus 
747 Tobias 
550 Toby 
298 Todd 
997 Tom 
439 Tomas 
306 Tommy 
229 Tony 
748 Trace 
700 Tracy 
73 Travis 
621 Travon 
966 Trayvon 
630 Tre 
252 Trent 
187 Trenton 
707 Trever 
360 Trevon 
63 Trevor 
238 Trey 
68 Tristan 
249 Tristen 
592 Tristian 
374 Tristin 
341 Triston 
155 Troy 
795 Trystan 
326 Tucker 
834 Turner 
242 Ty 
7 Tyler 
467 Tylor 
820 Tyquan 
474 Tyree 
413 Tyrell 
798 Tyron 
355 Tyrone 
866 Tyshawn 
445 Tyson 
643 Ulises 
816 Ulysses 
515 Uriel 
907 Valentin 
858 Vance 
931 Vaughn 
670 Vernon 
579 Vicente 
100 Victor 
116 Vincent 
398 Wade 
446 Walker 
272 Walter 
428 Warren 
989 Waylon 
392 Wayne 
137 Wesley 
379 Weston 
622 Will 
18 William 
329 Willie 
526 Wilson 
666 Winston 
134 Wyatt 
141 Xavier 
347 Zachariah 
14 Zachary 
220 Zachery 
241 Zackary 
316 Zackery 
783 Zakary 
291 Zane 
691 Zechariah 
